C:\ST\STM32CubeIDE_1.13.1\STM32CubeIDE\plugins\com.st.stm32cube.ide.mcu.externaltools.gnu-tools-for-stm32.11.3.rel1.win32_1.1.0.202305231506\tools\arm-none-eabi\include\c++\11.3.1\arm-none-eabi\thumb\v7e-m+fp\hard\bits\gthr-default.h:229:1:int __gthread_key_delete(__gthread_key_t)	16	static
../Software/Peripheral/timer.h:21:14:Clock Timer_Get_Now_Clock()	8	static
../Software/Peripheral/communication_driver.cpp:17:1:Communication_Driver::Communication_Driver(const CommunicationDriverConfig&)	16	static
../Software/Peripheral/communication_driver.cpp:33:19:HAL_StatusTypeDef Communication_Driver::config()	40	static
../Software/Peripheral/communication_driver.cpp:42:19:)	1052	static
../Software/Peripheral/communication_driver.cpp:54:6:bool Communication_Driver::readStartModule()	16	static
../Software/Peripheral/communication_driver.cpp:59:6:void Communication_Driver::resetBuffer()	16	static
../Software/Peripheral/communication_driver.cpp:62:6:void Communication_Driver::downloadBuffer()	24	static
../Software/Peripheral/communication_driver.cpp:76:6:void Communication_Driver::storeInBuffer(EnemyPosition&)	32	static
../Software/Peripheral/communication_driver.cpp:85:6:void Communication_Driver::storeInBuffer(LinePosition&)	16	static
../Software/Peripheral/communication_driver.cpp:93:1:void __static_initialization_and_destruction_0(int, int)	16	static
../Software/Peripheral/communication_driver.cpp:93:1:cpp)	8	static
../Software/Peripheral/communication_driver.cpp:93:1:cpp)	8	static
