Archive member included to satisfy reference by file (symbol)

C:/ST/STM32CubeIDE_1.13.1/STM32CubeIDE/plugins/com.st.stm32cube.ide.mcu.externaltools.gnu-tools-for-stm32.11.3.rel1.win32_1.1.0.202305231506/tools/bin/../lib/gcc/arm-none-eabi/11.3.1/../../../../arm-none-eabi/lib/thumb/v7e-m+fp/hard\libm.a(libm_a-s_cos.o)
                              ./Software/Peripheral/SSD1306/ssd1306.o (cos)
C:/ST/STM32CubeIDE_1.13.1/STM32CubeIDE/plugins/com.st.stm32cube.ide.mcu.externaltools.gnu-tools-for-stm32.11.3.rel1.win32_1.1.0.202305231506/tools/bin/../lib/gcc/arm-none-eabi/11.3.1/../../../../arm-none-eabi/lib/thumb/v7e-m+fp/hard\libm.a(libm_a-s_sin.o)
                              ./Software/Peripheral/SSD1306/ssd1306.o (sin)
C:/ST/STM32CubeIDE_1.13.1/STM32CubeIDE/plugins/com.st.stm32cube.ide.mcu.externaltools.gnu-tools-for-stm32.11.3.rel1.win32_1.1.0.202305231506/tools/bin/../lib/gcc/arm-none-eabi/11.3.1/../../../../arm-none-eabi/lib/thumb/v7e-m+fp/hard\libm.a(libm_a-k_cos.o)
                              C:/ST/STM32CubeIDE_1.13.1/STM32CubeIDE/plugins/com.st.stm32cube.ide.mcu.externaltools.gnu-tools-for-stm32.11.3.rel1.win32_1.1.0.202305231506/tools/bin/../lib/gcc/arm-none-eabi/11.3.1/../../../../arm-none-eabi/lib/thumb/v7e-m+fp/hard\libm.a(libm_a-s_cos.o) (__kernel_cos)
C:/ST/STM32CubeIDE_1.13.1/STM32CubeIDE/plugins/com.st.stm32cube.ide.mcu.externaltools.gnu-tools-for-stm32.11.3.rel1.win32_1.1.0.202305231506/tools/bin/../lib/gcc/arm-none-eabi/11.3.1/../../../../arm-none-eabi/lib/thumb/v7e-m+fp/hard\libm.a(libm_a-k_sin.o)
                              C:/ST/STM32CubeIDE_1.13.1/STM32CubeIDE/plugins/com.st.stm32cube.ide.mcu.externaltools.gnu-tools-for-stm32.11.3.rel1.win32_1.1.0.202305231506/tools/bin/../lib/gcc/arm-none-eabi/11.3.1/../../../../arm-none-eabi/lib/thumb/v7e-m+fp/hard\libm.a(libm_a-s_cos.o) (__kernel_sin)
C:/ST/STM32CubeIDE_1.13.1/STM32CubeIDE/plugins/com.st.stm32cube.ide.mcu.externaltools.gnu-tools-for-stm32.11.3.rel1.win32_1.1.0.202305231506/tools/bin/../lib/gcc/arm-none-eabi/11.3.1/../../../../arm-none-eabi/lib/thumb/v7e-m+fp/hard\libm.a(libm_a-e_rem_pio2.o)
                              C:/ST/STM32CubeIDE_1.13.1/STM32CubeIDE/plugins/com.st.stm32cube.ide.mcu.externaltools.gnu-tools-for-stm32.11.3.rel1.win32_1.1.0.202305231506/tools/bin/../lib/gcc/arm-none-eabi/11.3.1/../../../../arm-none-eabi/lib/thumb/v7e-m+fp/hard\libm.a(libm_a-s_cos.o) (__ieee754_rem_pio2)
C:/ST/STM32CubeIDE_1.13.1/STM32CubeIDE/plugins/com.st.stm32cube.ide.mcu.externaltools.gnu-tools-for-stm32.11.3.rel1.win32_1.1.0.202305231506/tools/bin/../lib/gcc/arm-none-eabi/11.3.1/../../../../arm-none-eabi/lib/thumb/v7e-m+fp/hard\libm.a(libm_a-s_fabs.o)
                              C:/ST/STM32CubeIDE_1.13.1/STM32CubeIDE/plugins/com.st.stm32cube.ide.mcu.externaltools.gnu-tools-for-stm32.11.3.rel1.win32_1.1.0.202305231506/tools/bin/../lib/gcc/arm-none-eabi/11.3.1/../../../../arm-none-eabi/lib/thumb/v7e-m+fp/hard\libm.a(libm_a-e_rem_pio2.o) (fabs)
C:/ST/STM32CubeIDE_1.13.1/STM32CubeIDE/plugins/com.st.stm32cube.ide.mcu.externaltools.gnu-tools-for-stm32.11.3.rel1.win32_1.1.0.202305231506/tools/bin/../lib/gcc/arm-none-eabi/11.3.1/../../../../arm-none-eabi/lib/thumb/v7e-m+fp/hard\libm.a(libm_a-k_rem_pio2.o)
                              C:/ST/STM32CubeIDE_1.13.1/STM32CubeIDE/plugins/com.st.stm32cube.ide.mcu.externaltools.gnu-tools-for-stm32.11.3.rel1.win32_1.1.0.202305231506/tools/bin/../lib/gcc/arm-none-eabi/11.3.1/../../../../arm-none-eabi/lib/thumb/v7e-m+fp/hard\libm.a(libm_a-e_rem_pio2.o) (__kernel_rem_pio2)
C:/ST/STM32CubeIDE_1.13.1/STM32CubeIDE/plugins/com.st.stm32cube.ide.mcu.externaltools.gnu-tools-for-stm32.11.3.rel1.win32_1.1.0.202305231506/tools/bin/../lib/gcc/arm-none-eabi/11.3.1/../../../../arm-none-eabi/lib/thumb/v7e-m+fp/hard\libm.a(libm_a-s_scalbn.o)
                              C:/ST/STM32CubeIDE_1.13.1/STM32CubeIDE/plugins/com.st.stm32cube.ide.mcu.externaltools.gnu-tools-for-stm32.11.3.rel1.win32_1.1.0.202305231506/tools/bin/../lib/gcc/arm-none-eabi/11.3.1/../../../../arm-none-eabi/lib/thumb/v7e-m+fp/hard\libm.a(libm_a-k_rem_pio2.o) (scalbn)
C:/ST/STM32CubeIDE_1.13.1/STM32CubeIDE/plugins/com.st.stm32cube.ide.mcu.externaltools.gnu-tools-for-stm32.11.3.rel1.win32_1.1.0.202305231506/tools/bin/../lib/gcc/arm-none-eabi/11.3.1/../../../../arm-none-eabi/lib/thumb/v7e-m+fp/hard\libm.a(libm_a-s_floor.o)
                              C:/ST/STM32CubeIDE_1.13.1/STM32CubeIDE/plugins/com.st.stm32cube.ide.mcu.externaltools.gnu-tools-for-stm32.11.3.rel1.win32_1.1.0.202305231506/tools/bin/../lib/gcc/arm-none-eabi/11.3.1/../../../../arm-none-eabi/lib/thumb/v7e-m+fp/hard\libm.a(libm_a-k_rem_pio2.o) (floor)
C:/ST/STM32CubeIDE_1.13.1/STM32CubeIDE/plugins/com.st.stm32cube.ide.mcu.externaltools.gnu-tools-for-stm32.11.3.rel1.win32_1.1.0.202305231506/tools/bin/../lib/gcc/arm-none-eabi/11.3.1/../../../../arm-none-eabi/lib/thumb/v7e-m+fp/hard\libc_nano.a(libc_a-exit.o)
[...]
Memory Configuration

Name             Origin             Length             Attributes
RAM              0x0000000020000000 0x0000000000020000 xrw
FLASH            0x0000000008000000 0x0000000000080000 xr
*default*        0x0000000000000000 0xffffffffffffffff

Linker script and memory map

LOAD C:/ST/STM32CubeIDE_1.13.1/STM32CubeIDE/plugins/com.st.stm32cube.ide.mcu.externaltools.gnu-tools-for-stm32.11.3.rel1.win32_1.1.0.202305231506/tools/bin/../lib/gcc/arm-none-eabi/11.3.1/thumb/v7e-m+fp/hard/crti.o
LOAD C:/ST/STM32CubeIDE_1.13.1/STM32CubeIDE/plugins/com.st.stm32cube.ide.mcu.externaltools.gnu-tools-for-stm32.11.3.rel1.win32_1.1.0.202305231506/tools/bin/../lib/gcc/arm-none-eabi/11.3.1/thumb/v7e-m+fp/hard/crtbegin.o
LOAD C:/ST/STM32CubeIDE_1.13.1/STM32CubeIDE/plugins/com.st.stm32cube.ide.mcu.externaltools.gnu-tools-for-stm32.11.3.rel1.win32_1.1.0.202305231506/tools/bin/../lib/gcc/arm-none-eabi/11.3.1/../../../../arm-none-eabi/lib/thumb/v7e-m+fp/hard/crt0.o
LOAD ./Core/Src/main.o
LOAD ./Core/Src/stm32f4xx_hal_msp.o
LOAD ./Core/Src/stm32f4xx_it.o
LOAD ./Core/Src/syscalls.o
LOAD ./Core/Src/sysmem.o
LOAD ./Core/Src/system_stm32f4xx.o
LOAD ./Core/Startup/startup_stm32f446retx.o
LOAD ./Drivers/STM32F4xx_HAL_Driver/Src/stm32f4xx_hal.o
LOAD ./Drivers/STM32F4xx_HAL_Driver/Src/stm32f4xx_hal_adc.o
LOAD ./Drivers/STM32F4xx_HAL_Driver/Src/stm32f4xx_hal_adc_ex.o
LOAD ./Drivers/STM32F4xx_HAL_Driver/Src/stm32f4xx_hal_cortex.o
LOAD ./Drivers/STM32F4xx_HAL_Driver/Src/stm32f4xx_hal_dma.o
LOAD ./Drivers/STM32F4xx_HAL_Driver/Src/stm32f4xx_hal_dma_ex.o
LOAD ./Drivers/STM32F4xx_HAL_Driver/Src/stm32f4xx_hal_exti.o
LOAD ./Drivers/STM32F4xx_HAL_Driver/Src/stm32f4xx_hal_flash.o
LOAD ./Drivers/STM32F4xx_HAL_Driver/Src/stm32f4xx_hal_flash_ex.o
LOAD ./Drivers/STM32F4xx_HAL_Driver/Src/stm32f4xx_hal_flash_ramfunc.o
LOAD ./Drivers/STM32F4xx_HAL_Driver/Src/stm32f4xx_hal_gpio.o
LOAD ./Drivers/STM32F4xx_HAL_Driver/Src/stm32f4xx_hal_i2c.o
LOAD ./Drivers/STM32F4xx_HAL_Driver/Src/stm32f4xx_hal_i2c_ex.o
LOAD ./Drivers/STM32F4xx_HAL_Driver/Src/stm32f4xx_hal_pwr.o
LOAD ./Drivers/STM32F4xx_HAL_Driver/Src/stm32f4xx_hal_pwr_ex.o
LOAD ./Drivers/STM32F4xx_HAL_Driver/Src/stm32f4xx_hal_rcc.o
LOAD ./Drivers/STM32F4xx_HAL_Driver/Src/stm32f4xx_hal_rcc_ex.o
LOAD ./Drivers/STM32F4xx_HAL_Driver/Src/stm32f4xx_hal_spi.o
LOAD ./Drivers/STM32F4xx_HAL_Driver/Src/stm32f4xx_hal_tim.o
LOAD ./Drivers/STM32F4xx_HAL_Driver/Src/stm32f4xx_hal_tim_ex.o
LOAD ./Drivers/STM32F4xx_HAL_Driver/Src/stm32f4xx_hal_uart.o
LOAD ./Drivers/STM32F4xx_HAL_Driver/Src/stm32f4xx_ll_adc.o
LOAD ./Software/App/application.o
LOAD ./Software/App/hardware_test.o
LOAD ./Software/Middleware/communication_driver.o
LOAD ./Software/Middleware/display.o
LOAD ./Software/Middleware/state_control.o
LOAD ./Software/Middleware/user_inputs.o
LOAD ./Software/Model/enemy_position.o
LOAD ./Software/Model/line_position.o
LOAD ./Software/Model/state.o
LOAD ./Software/Peripheral/SSD1306/ssd1306.o
LOAD ./Software/Peripheral/SSD1306/ssd1306_fonts.o
LOAD ./Software/Peripheral/SSD1306/ssd1306_tests.o
LOAD ./Software/Peripheral/button_driver.o
LOAD ./Software/Peripheral/enemy_detection.o
LOAD ./Software/Peripheral/line_detection.o
LOAD ./Software/Peripheral/motor_driver.o
LOAD ./Software/Peripheral/trimpot_driver.o
START GROUP
LOAD C:/ST/STM32CubeIDE_1.13.1/STM32CubeIDE/plugins/com.st.stm32cube.ide.mcu.externaltools.gnu-tools-for-stm32.11.3.rel1.win32_1.1.0.202305231506/tools/bin/../lib/gcc/arm-none-eabi/11.3.1/../../../../arm-none-eabi/lib/thumb/v7e-m+fp/hard\libstdc++_nano.a
LOAD C:/ST/STM32CubeIDE_1.13.1/STM32CubeIDE/plugins/com.st.stm32cube.ide.mcu.externaltools.gnu-tools-for-stm32.11.3.rel1.win32_1.1.0.202305231506/tools/bin/../lib/gcc/arm-none-eabi/11.3.1/../../../../arm-none-eabi/lib/thumb/v7e-m+fp/hard\libsupc++_nano.a
END GROUP
LOAD C:/ST/STM32CubeIDE_1.13.1/STM32CubeIDE/plugins/com.st.stm32cube.ide.mcu.externaltools.gnu-tools-for-stm32.11.3.rel1.win32_1.1.0.202305231506/tools/bin/../lib/gcc/arm-none-eabi/11.3.1/../../../../arm-none-eabi/lib/thumb/v7e-m+fp/hard\libstdc++_nano.a
LOAD C:/ST/STM32CubeIDE_1.13.1/STM32CubeIDE/plugins/com.st.stm32cube.ide.mcu.externaltools.gnu-tools-for-stm32.11.3.rel1.win32_1.1.0.202305231506/tools/bin/../lib/gcc/arm-none-eabi/11.3.1/../../../../arm-none-eabi/lib/thumb/v7e-m+fp/hard\libm.a
LOAD C:/ST/STM32CubeIDE_1.13.1/STM32CubeIDE/plugins/com.st.stm32cube.ide.mcu.externaltools.gnu-tools-for-stm32.11.3.rel1.win32_1.1.0.202305231506/tools/bin/../lib/gcc/arm-none-eabi/11.3.1/../../../../arm-none-eabi/lib/thumb/v7e-m+fp/hard\libc_nano.a
START GROUP
LOAD C:/ST/STM32CubeIDE_1.13.1/STM32CubeIDE/plugins/com.st.stm32cube.ide.mcu.externaltools.gnu-tools-for-stm32.11.3.rel1.win32_1.1.0.202305231506/tools/bin/../lib/gcc/arm-none-eabi/11.3.1/thumb/v7e-m+fp/hard\libgcc.a
LOAD C:/ST/STM32CubeIDE_1.13.1/STM32CubeIDE/plugins/com.st.stm32cube.ide.mcu.externaltools.gnu-tools-for-stm32.11.3.rel1.win32_1.1.0.202305231506/tools/bin/../lib/gcc/arm-none-eabi/11.3.1/../../../../arm-none-eabi/lib/thumb/v7e-m+fp/hard\libc_nano.a
END GROUP
START GROUP
LOAD C:/ST/STM32CubeIDE_1.13.1/STM32CubeIDE/plugins/com.st.stm32cube.ide.mcu.externaltools.gnu-tools-for-stm32.11.3.rel1.win32_1.1.0.202305231506/tools/bin/../lib/gcc/arm-none-eabi/11.3.1/thumb/v7e-m+fp/hard\libgcc.a
LOAD C:/ST/STM32CubeIDE_1.13.1/STM32CubeIDE/plugins/com.st.stm32cube.ide.mcu.externaltools.gnu-tools-for-stm32.11.3.rel1.win32_1.1.0.202305231506/tools/bin/../lib/gcc/arm-none-eabi/11.3.1/../../../../arm-none-eabi/lib/thumb/v7e-m+fp/hard\libc_nano.a
LOAD C:/ST/STM32CubeIDE_1.13.1/STM32CubeIDE/plugins/com.st.stm32cube.ide.mcu.externaltools.gnu-tools-for-stm32.11.3.rel1.win32_1.1.0.202305231506/tools/bin/../lib/gcc/arm-none-eabi/11.3.1/../../../../arm-none-eabi/lib/thumb/v7e-m+fp/hard\libnosys.a
END GROUP
START GROUP
LOAD C:/ST/STM32CubeIDE_1.13.1/STM32CubeIDE/plugins/com.st.stm32cube.ide.mcu.externaltools.gnu-tools-for-stm32.11.3.rel1.win32_1.1.0.202305231506/tools/bin/../lib/gcc/arm-none-eabi/11.3.1/thumb/v7e-m+fp/hard\libgcc.a
LOAD C:/ST/STM32CubeIDE_1.13.1/STM32CubeIDE/plugins/com.st.stm32cube.ide.mcu.externaltools.gnu-tools-for-stm32.11.3.rel1.win32_1.1.0.202305231506/tools/bin/../lib/gcc/arm-none-eabi/11.3.1/../../../../arm-none-eabi/lib/thumb/v7e-m+fp/hard\libc_nano.a
LOAD C:/ST/STM32CubeIDE_1.13.1/STM32CubeIDE/plugins/com.st.stm32cube.ide.mcu.externaltools.gnu-tools-for-stm32.11.3.rel1.win32_1.1.0.202305231506/tools/bin/../lib/gcc/arm-none-eabi/11.3.1/../../../../arm-none-eabi/lib/thumb/v7e-m+fp/hard\libnosys.a
END GROUP
LOAD C:/ST/STM32CubeIDE_1.13.1/STM32CubeIDE/plugins/com.st.stm32cube.ide.mcu.externaltools.gnu-tools-for-stm32.11.3.rel1.win32_1.1.0.202305231506/tools/bin/../lib/gcc/arm-none-eabi/11.3.1/thumb/v7e-m+fp/hard/crtend.o
LOAD C:/ST/STM32CubeIDE_1.13.1/STM32CubeIDE/plugins/com.st.stm32cube.ide.mcu.externaltools.gnu-tools-for-stm32.11.3.rel1.win32_1.1.0.202305231506/tools/bin/../lib/gcc/arm-none-eabi/11.3.1/thumb/v7e-m+fp/hard/crtn.o
                0x0000000020020000                _estack = (ORIGIN (RAM) + LENGTH (RAM))
                0x0000000000000200                _Min_Heap_Size = 0x200
                0x0000000000000400                _Min_Stack_Size = 0x400

.isr_vector     0x0000000008000000      0x1c4
                0x0000000008000000                . = ALIGN (0x4)
 *(.isr_vector)
 .isr_vector    0x0000000008000000      0x1c4 ./Core/Startup/startup_stm32f446retx.o
                0x0000000008000000                g_pfnVectors
                0x00000000080001c4                . = ALIGN (0x4)

.text           0x00000000080001d0     0x9e60
                0x00000000080001d0                . = ALIGN (0x4)
 *(.text)
 .text          0x00000000080001d0       0x40 C:/ST/STM32CubeIDE_1.13.1/STM32CubeIDE/plugins/com.st.stm32cube.ide.mcu.externaltools.gnu-tools-for-stm32.11.3.rel1.win32_1.1.0.202305231506/tools/bin/../lib/gcc/arm-none-eabi/11.3.1/thumb/v7e-m+fp/hard/crtbegin.o
 .text          0x0000000008000210       0xa0 C:/ST/STM32CubeIDE_1.13.1/STM32CubeIDE/plugins/com.st.stm32cube.ide.mcu.externaltools.gnu-tools-for-stm32.11.3.rel1.win32_1.1.0.202305231506/tools/bin/../lib/gcc/arm-none-eabi/11.3.1/../../../../arm-none-eabi/lib/thumb/v7e-m+fp/hard\libc_nano.a(libc_a-memchr.o)
                0x0000000008000210                memchr
 .text          0x00000000080002b0       0x10 C:/ST/STM32CubeIDE_1.13.1/STM32CubeIDE/plugins/com.st.stm32cube.ide.mcu.externaltools.gnu-tools-for-stm32.11.3.rel1.win32_1.1.0.202305231506/tools/bin/../lib/gcc/arm-none-eabi/11.3.1/../../../../arm-none-eabi/lib/thumb/v7e-m+fp/hard\libc_nano.a(libc_a-strlen.o)
                0x00000000080002b0                strlen
 .text          0x00000000080002c0      0x378 C:/ST/STM32CubeIDE_1.13.1/STM32CubeIDE/plugins/com.st.stm32cube.ide.mcu.externaltools.gnu-tools-for-stm32.11.3.rel1.win32_1.1.0.202305231506/tools/bin/../lib/gcc/arm-none-eabi/11.3.1/thumb/v7e-m+fp/hard\libgcc.a(_arm_addsubdf3.o)
                0x00000000080002c0                __aeabi_drsub
                0x00000000080002c8                __aeabi_dsub
                0x00000000080002c8                __subdf3
                0x00000000080002cc                __aeabi_dadd
                0x00000000080002cc                __adddf3
                0x0000000008000544                __floatunsidf
                0x0000000008000544                __aeabi_ui2d
                0x0000000008000564                __floatsidf
                0x0000000008000564                __aeabi_i2d
                0x0000000008000588                __aeabi_f2d
                0x0000000008000588                __extendsfdf2
                0x00000000080005cc                __floatundidf
                0x00000000080005cc                __aeabi_ul2d
                0x00000000080005dc                __floatdidf
                0x00000000080005dc                __aeabi_l2d
 .text          0x0000000008000638      0x424 C:/ST/STM32CubeIDE_1.13.1/STM32CubeIDE/plugins/com.st.stm32cube.ide.mcu.externaltools.gnu-tools-for-stm32.11.3.rel1.win32_1.1.0.202305231506/tools/bin/../lib/gcc/arm-none-eabi/11.3.1/thumb/v7e-m+fp/hard\libgcc.a(_arm_muldivdf3.o)
                0x0000000008000638                __aeabi_dmul
                0x0000000008000638                __muldf3
                0x000000000800088c                __divdf3
                0x000000000800088c                __aeabi_ddiv
 .text          0x0000000008000a5c      0x110 C:/ST/STM32CubeIDE_1.13.1/STM32CubeIDE/plugins/com.st.stm32cube.ide.mcu.externaltools.gnu-tools-for-stm32.11.3.rel1.win32_1.1.0.202305231506/tools/bin/../lib/gcc/arm-none-eabi/11.3.1/thumb/v7e-m+fp/hard\libgcc.a(_arm_cmpdf2.o)
                0x0000000008000a5c                __gtdf2
                0x0000000008000a5c                __gedf2
                0x0000000008000a64                __ltdf2
                0x0000000008000a64                __ledf2
                0x0000000008000a6c                __nedf2
                0x0000000008000a6c                __eqdf2
                0x0000000008000a6c                __cmpdf2
                0x0000000008000ae8                __aeabi_cdrcmple
                0x0000000008000af8                __aeabi_cdcmpeq
                0x0000000008000af8                __aeabi_cdcmple
                0x0000000008000b08                __aeabi_dcmpeq
                0x0000000008000b1c                __aeabi_dcmplt
                0x0000000008000b30                __aeabi_dcmple
                0x0000000008000b44                __aeabi_dcmpge
                0x0000000008000b58                __aeabi_dcmpgt
 .text          0x0000000008000b6c       0x2c C:/ST/STM32CubeIDE_1.13.1/STM32CubeIDE/plugins/com.st.stm32cube.ide.mcu.externaltools.gnu-tools-for-stm32.11.3.rel1.win32_1.1.0.202305231506/tools/bin/../lib/gcc/arm-none-eabi/11.3.1/thumb/v7e-m+fp/hard\libgcc.a(_arm_unorddf2.o)
                0x0000000008000b6c                __unorddf2
                0x0000000008000b6c                __aeabi_dcmpun
 .text          0x0000000008000b98       0x50 C:/ST/STM32CubeIDE_1.13.1/STM32CubeIDE/plugins/com.st.stm32cube.ide.mcu.externaltools.gnu-tools-for-stm32.11.3.rel1.win32_1.1.0.202305231506/tools/bin/../lib/gcc/arm-none-eabi/11.3.1/thumb/v7e-m+fp/hard\libgcc.a(_arm_fixdfsi.o)
                0x0000000008000b98                __aeabi_d2iz
                0x0000000008000b98                __fixdfsi
 .text          0x0000000008000be8       0x30 C:/ST/STM32CubeIDE_1.13.1/STM32CubeIDE/plugins/com.st.stm32cube.ide.mcu.externaltools.gnu-tools-for-stm32.11.3.rel1.win32_1.1.0.202305231506/tools/bin/../lib/gcc/arm-none-eabi/11.3.1/thumb/v7e-m+fp/hard\libgcc.a(_aeabi_uldivmod.o)
                0x0000000008000be8                __aeabi_uldivmod
 .text          0x0000000008000c18      0x2c8 C:/ST/STM32CubeIDE_1.13.1/STM32CubeIDE/plugins/com.st.stm32cube.ide.mcu.externaltools.gnu-tools-for-stm32.11.3.rel1.win32_1.1.0.202305231506/tools/bin/../lib/gcc/arm-none-eabi/11.3.1/thumb/v7e-m+fp/hard\libgcc.a(_udivmoddi4.o)
                0x0000000008000c18                __udivmoddi4
 .text          0x0000000008000ee0        0x4 C:/ST/STM32CubeIDE_1.13.1/STM32CubeIDE/plugins/com.st.stm32cube.ide.mcu.externaltools.gnu-tools-for-stm32.11.3.rel1.win32_1.1.0.202305231506/tools/bin/../lib/gcc/arm-none-eabi/11.3.1/thumb/v7e-m+fp/hard\libgcc.a(_dvmd_tls.o)
                0x0000000008000ee0                __aeabi_idiv0
                0x0000000008000ee0                __aeabi_ldiv0
 *(.text*)
 .text.main     0x0000000008000ee4       0x3c ./Core/Src/main.o
                0x0000000008000ee4                main
 .text._Z18SystemClock_Configv
                0x0000000008000f20      0x104 ./Core/Src/main.o
                0x0000000008000f20                SystemClock_Config()
 .text._ZL12MX_ADC1_Initv
                0x0000000008001024      0x178 ./Core/Src/main.o
 .text._ZL12MX_ADC2_Initv
                0x000000000800119c      0x134 ./Core/Src/main.o
 .text._ZL12MX_I2C2_Initv
                0x00000000080012d0       0x68 ./Core/Src/main.o
 .text._ZL12MX_SPI1_Initv
                0x0000000008001338       0x78 ./Core/Src/main.o
 .text._ZL13MX_UART4_Initv
                0x00000000080013b0       0x5c ./Core/Src/main.o
 .text._ZL19MX_USART1_UART_Initv
                0x000000000800140c       0x5c ./Core/Src/main.o
 .text._ZL12MX_GPIO_Initv
                0x0000000008001468      0x10c ./Core/Src/main.o
 .text.Error_Handler
                0x0000000008001574        0xa ./Core/Src/main.o
                0x0000000008001574                Error_Handler
 *fill*         0x000000000800157e        0x2 
 .text.HAL_MspInit
                0x0000000008001580       0x50 ./Core/Src/stm32f4xx_hal_msp.o
                0x0000000008001580                HAL_MspInit
 .text.HAL_ADC_MspInit
                0x00000000080015d0      0x158 ./Core/Src/stm32f4xx_hal_msp.o
                0x00000000080015d0                HAL_ADC_MspInit
 .text.HAL_I2C_MspInit
                0x0000000008001728       0xd4 ./Core/Src/stm32f4xx_hal_msp.o
                0x0000000008001728                HAL_I2C_MspInit
 .text.HAL_SPI_MspInit
                0x00000000080017fc       0x90 ./Core/Src/stm32f4xx_hal_msp.o
                0x00000000080017fc                HAL_SPI_MspInit
 .text.HAL_UART_MspInit
                0x000000000800188c       0xf8 ./Core/Src/stm32f4xx_hal_msp.o
                0x000000000800188c                HAL_UART_MspInit
 .text.NMI_Handler
                0x0000000008001984        0x6 ./Core/Src/stm32f4xx_it.o
                0x0000000008001984                NMI_Handler
 .text.HardFault_Handler
                0x000000000800198a        0x6 ./Core/Src/stm32f4xx_it.o
                0x000000000800198a                HardFault_Handler
 .text.MemManage_Handler
                0x0000000008001990        0x6 ./Core/Src/stm32f4xx_it.o
                0x0000000008001990                MemManage_Handler
 .text.BusFault_Handler
                0x0000000008001996        0x6 ./Core/Src/stm32f4xx_it.o
                0x0000000008001996                BusFault_Handler
 .text.UsageFault_Handler
                0x000000000800199c        0x6 ./Core/Src/stm32f4xx_it.o
                0x000000000800199c                UsageFault_Handler
 .text.SVC_Handler
                0x00000000080019a2        0xe ./Core/Src/stm32f4xx_it.o
                0x00000000080019a2                SVC_Handler
 .text.DebugMon_Handler
                0x00000000080019b0        0xe ./Core/Src/stm32f4xx_it.o
                0x00000000080019b0                DebugMon_Handler
 .text.PendSV_Handler
                0x00000000080019be        0xe ./Core/Src/stm32f4xx_it.o
                0x00000000080019be                PendSV_Handler
 .text.SysTick_Handler
                0x00000000080019cc        0xc ./Core/Src/stm32f4xx_it.o
                0x00000000080019cc                SysTick_Handler
 .text._getpid  0x00000000080019d8       0x10 ./Core/Src/syscalls.o
                0x00000000080019d8                _getpid
 .text._kill    0x00000000080019e8       0x20 ./Core/Src/syscalls.o
                0x00000000080019e8                _kill
 .text._exit    0x0000000008001a08       0x14 ./Core/Src/syscalls.o
                0x0000000008001a08                _exit
 .text._read    0x0000000008001a1c       0x3a ./Core/Src/syscalls.o
                0x0000000008001a1c                _read
 .text._write   0x0000000008001a56       0x38 ./Core/Src/syscalls.o
                0x0000000008001a56                _write
 .text._close   0x0000000008001a8e       0x18 ./Core/Src/syscalls.o
                0x0000000008001a8e                _close
 .text._fstat   0x0000000008001aa6       0x20 ./Core/Src/syscalls.o
                0x0000000008001aa6                _fstat
 .text._isatty  0x0000000008001ac6       0x16 ./Core/Src/syscalls.o
                0x0000000008001ac6                _isatty
 .text._lseek   0x0000000008001adc       0x1a ./Core/Src/syscalls.o
                0x0000000008001adc                _lseek
 *fill*         0x0000000008001af6        0x2 
 .text._sbrk    0x0000000008001af8       0x6c ./Core/Src/sysmem.o
                0x0000000008001af8                _sbrk
 .text.SystemInit
                0x0000000008001b64       0x24 ./Core/Src/system_stm32f4xx.o
                0x0000000008001b64                SystemInit
 .text.Reset_Handler
                0x0000000008001b88       0x50 ./Core/Startup/startup_stm32f446retx.o
                0x0000000008001b88                Reset_Handler
 .text.Default_Handler
                0x0000000008001bd8        0x2 ./Core/Startup/startup_stm32f446retx.o
                0x0000000008001bd8                RTC_Alarm_IRQHandler
                0x0000000008001bd8                EXTI2_IRQHandler
                0x0000000008001bd8                TIM8_CC_IRQHandler
                0x0000000008001bd8                FMPI2C1_EV_IRQHandler
                0x0000000008001bd8                SPI4_IRQHandler
                0x0000000008001bd8                TIM1_CC_IRQHandler
                0x0000000008001bd8                DMA2_Stream5_IRQHandler
                0x0000000008001bd8                DMA1_Stream5_IRQHandler
                0x0000000008001bd8                PVD_IRQHandler
                0x0000000008001bd8                SDIO_IRQHandler
                0x0000000008001bd8                TAMP_STAMP_IRQHandler
                0x0000000008001bd8                CAN2_RX1_IRQHandler
                0x0000000008001bd8                EXTI3_IRQHandler
                0x0000000008001bd8                TIM8_TRG_COM_TIM14_IRQHandler
                0x0000000008001bd8                TIM1_UP_TIM10_IRQHandler
                0x0000000008001bd8                TIM8_UP_TIM13_IRQHandler
                0x0000000008001bd8                I2C3_ER_IRQHandler
                0x0000000008001bd8                EXTI0_IRQHandler
                0x0000000008001bd8                I2C2_EV_IRQHandler
                0x0000000008001bd8                DMA1_Stream2_IRQHandler
                0x0000000008001bd8                CAN1_RX0_IRQHandler
                0x0000000008001bd8                FPU_IRQHandler
                0x0000000008001bd8                OTG_HS_WKUP_IRQHandler
                0x0000000008001bd8                CAN2_SCE_IRQHandler
                0x0000000008001bd8                DMA2_Stream2_IRQHandler
                0x0000000008001bd8                SPI1_IRQHandler
                0x0000000008001bd8                TIM6_DAC_IRQHandler
                0x0000000008001bd8                TIM1_BRK_TIM9_IRQHandler
                0x0000000008001bd8                DCMI_IRQHandler
                0x0000000008001bd8                CAN2_RX0_IRQHandler
                0x0000000008001bd8                DMA2_Stream3_IRQHandler
                0x0000000008001bd8                SAI2_IRQHandler
                0x0000000008001bd8                USART6_IRQHandler
                0x0000000008001bd8                USART3_IRQHandler
                0x0000000008001bd8                CAN1_RX1_IRQHandler
                0x0000000008001bd8                UART5_IRQHandler
                0x0000000008001bd8                DMA2_Stream0_IRQHandler
                0x0000000008001bd8                TIM4_IRQHandler
                0x0000000008001bd8                QUADSPI_IRQHandler
                0x0000000008001bd8                I2C1_EV_IRQHandler
                0x0000000008001bd8                DMA1_Stream6_IRQHandler
                0x0000000008001bd8                DMA1_Stream1_IRQHandler
                0x0000000008001bd8                UART4_IRQHandler
                0x0000000008001bd8                TIM3_IRQHandler
                0x0000000008001bd8                RCC_IRQHandler
                0x0000000008001bd8                TIM8_BRK_TIM12_IRQHandler
                0x0000000008001bd8                Default_Handler
                0x0000000008001bd8                CEC_IRQHandler
                0x0000000008001bd8                EXTI15_10_IRQHandler
                0x0000000008001bd8                ADC_IRQHandler
                0x0000000008001bd8                DMA1_Stream7_IRQHandler
                0x0000000008001bd8                TIM7_IRQHandler
                0x0000000008001bd8                CAN2_TX_IRQHandler
                0x0000000008001bd8                TIM5_IRQHandler
                0x0000000008001bd8                DMA2_Stream7_IRQHandler
                0x0000000008001bd8                I2C3_EV_IRQHandler
                0x0000000008001bd8                EXTI9_5_IRQHandler
                0x0000000008001bd8                RTC_WKUP_IRQHandler
                0x0000000008001bd8                SPDIF_RX_IRQHandler
                0x0000000008001bd8                SPI2_IRQHandler
                0x0000000008001bd8                OTG_HS_EP1_IN_IRQHandler
                0x0000000008001bd8                DMA1_Stream0_IRQHandler
                0x0000000008001bd8                CAN1_TX_IRQHandler
                0x0000000008001bd8                FMPI2C1_ER_IRQHandler
                0x0000000008001bd8                EXTI4_IRQHandler
                0x0000000008001bd8                OTG_HS_EP1_OUT_IRQHandler
                0x0000000008001bd8                WWDG_IRQHandler
                0x0000000008001bd8                TIM2_IRQHandler
                0x0000000008001bd8                OTG_FS_WKUP_IRQHandler
                0x0000000008001bd8                TIM1_TRG_COM_TIM11_IRQHandler
                0x0000000008001bd8                OTG_HS_IRQHandler
                0x0000000008001bd8                EXTI1_IRQHandler
                0x0000000008001bd8                USART2_IRQHandler
                0x0000000008001bd8                I2C2_ER_IRQHandler
                0x0000000008001bd8                DMA2_Stream1_IRQHandler
                0x0000000008001bd8                CAN1_SCE_IRQHandler
                0x0000000008001bd8                FLASH_IRQHandler
                0x0000000008001bd8                DMA2_Stream4_IRQHandler
                0x0000000008001bd8                USART1_IRQHandler
                0x0000000008001bd8                OTG_FS_IRQHandler
                0x0000000008001bd8                SPI3_IRQHandler
                0x0000000008001bd8                DMA1_Stream4_IRQHandler
                0x0000000008001bd8                I2C1_ER_IRQHandler
                0x0000000008001bd8                FMC_IRQHandler
                0x0000000008001bd8                DMA2_Stream6_IRQHandler
                0x0000000008001bd8                SAI1_IRQHandler
                0x0000000008001bd8                DMA1_Stream3_IRQHandler
 *fill*         0x0000000008001bda        0x2 
 .text.HAL_Init
                0x0000000008001bdc       0x44 ./Drivers/STM32F4xx_HAL_Driver/Src/stm32f4xx_hal.o
                0x0000000008001bdc                HAL_Init
 .text.HAL_InitTick
                0x0000000008001c20       0x60 ./Drivers/STM32F4xx_HAL_Driver/Src/stm32f4xx_hal.o
                0x0000000008001c20                HAL_InitTick
 .text.HAL_IncTick
                0x0000000008001c80       0x28 ./Drivers/STM32F4xx_HAL_Driver/Src/stm32f4xx_hal.o
                0x0000000008001c80                HAL_IncTick
 .text.HAL_GetTick
                0x0000000008001ca8       0x18 ./Drivers/STM32F4xx_HAL_Driver/Src/stm32f4xx_hal.o
                0x0000000008001ca8                HAL_GetTick
 .text.HAL_Delay
                0x0000000008001cc0       0x48 ./Drivers/STM32F4xx_HAL_Driver/Src/stm32f4xx_hal.o
                0x0000000008001cc0                HAL_Delay
 .text.HAL_ADC_Init
                0x0000000008001d08       0x86 ./Drivers/STM32F4xx_HAL_Driver/Src/stm32f4xx_hal_adc.o
                0x0000000008001d08                HAL_ADC_Init
 *fill*         0x0000000008001d8e        0x2 
 .text.HAL_ADC_Start
                0x0000000008001d90      0x1a4 ./Drivers/STM32F4xx_HAL_Driver/Src/stm32f4xx_hal_adc.o
                0x0000000008001d90                HAL_ADC_Start
 .text.HAL_ADC_Stop
                0x0000000008001f34       0x66 ./Drivers/STM32F4xx_HAL_Driver/Src/stm32f4xx_hal_adc.o
                0x0000000008001f34                HAL_ADC_Stop
 .text.HAL_ADC_PollForConversion
                0x0000000008001f9a      0x116 ./Drivers/STM32F4xx_HAL_Driver/Src/stm32f4xx_hal_adc.o
                0x0000000008001f9a                HAL_ADC_PollForConversion
 .text.HAL_ADC_GetValue
                0x00000000080020b0       0x1a ./Drivers/STM32F4xx_HAL_Driver/Src/stm32f4xx_hal_adc.o
                0x00000000080020b0                HAL_ADC_GetValue
 *fill*         0x00000000080020ca        0x2 
 .text.HAL_ADC_ConfigChannel
                0x00000000080020cc      0x264 ./Drivers/STM32F4xx_HAL_Driver/Src/stm32f4xx_hal_adc.o
                0x00000000080020cc                HAL_ADC_ConfigChannel
 .text.ADC_Init
                0x0000000008002330      0x1f8 ./Drivers/STM32F4xx_HAL_Driver/Src/stm32f4xx_hal_adc.o
 .text.__NVIC_SetPriorityGrouping
                0x0000000008002528       0x48 ./Drivers/STM32F4xx_HAL_Driver/Src/stm32f4xx_hal_cortex.o
 .text.__NVIC_GetPriorityGrouping
                0x0000000008002570       0x1c ./Drivers/STM32F4xx_HAL_Driver/Src/stm32f4xx_hal_cortex.o
 .text.__NVIC_SetPriority
                0x000000000800258c       0x54 ./Drivers/STM32F4xx_HAL_Driver/Src/stm32f4xx_hal_cortex.o
 .text.NVIC_EncodePriority
                0x00000000080025e0       0x66 ./Drivers/STM32F4xx_HAL_Driver/Src/stm32f4xx_hal_cortex.o
 *fill*         0x0000000008002646        0x2 
 .text.SysTick_Config
                0x0000000008002648       0x44 ./Drivers/STM32F4xx_HAL_Driver/Src/stm32f4xx_hal_cortex.o
 .text.HAL_NVIC_SetPriorityGrouping
                0x000000000800268c       0x16 ./Drivers/STM32F4xx_HAL_Driver/Src/stm32f4xx_hal_cortex.o
                0x000000000800268c                HAL_NVIC_SetPriorityGrouping
 .text.HAL_NVIC_SetPriority
                0x00000000080026a2       0x38 ./Drivers/STM32F4xx_HAL_Driver/Src/stm32f4xx_hal_cortex.o
                0x00000000080026a2                HAL_NVIC_SetPriority
 .text.HAL_SYSTICK_Config
                0x00000000080026da       0x18 ./Drivers/STM32F4xx_HAL_Driver/Src/stm32f4xx_hal_cortex.o
                0x00000000080026da                HAL_SYSTICK_Config
 *fill*         0x00000000080026f2        0x2 
 .text.HAL_GPIO_Init
                0x00000000080026f4      0x328 ./Drivers/STM32F4xx_HAL_Driver/Src/stm32f4xx_hal_gpio.o
                0x00000000080026f4                HAL_GPIO_Init
 .text.HAL_GPIO_ReadPin
                0x0000000008002a1c       0x30 ./Drivers/STM32F4xx_HAL_Driver/Src/stm32f4xx_hal_gpio.o
                0x0000000008002a1c                HAL_GPIO_ReadPin
 .text.HAL_GPIO_WritePin
                0x0000000008002a4c       0x32 ./Drivers/STM32F4xx_HAL_Driver/Src/stm32f4xx_hal_gpio.o
                0x0000000008002a4c                HAL_GPIO_WritePin
 *fill*         0x0000000008002a7e        0x2 
 .text.HAL_I2C_Init
                0x0000000008002a80      0x288 ./Drivers/STM32F4xx_HAL_Driver/Src/stm32f4xx_hal_i2c.o
                0x0000000008002a80                HAL_I2C_Init
 .text.HAL_I2C_Mem_Write
                0x0000000008002d08      0x1f4 ./Drivers/STM32F4xx_HAL_Driver/Src/stm32f4xx_hal_i2c.o
                0x0000000008002d08                HAL_I2C_Mem_Write
 .text.I2C_RequestMemoryWrite
                0x0000000008002efc      0x12c ./Drivers/STM32F4xx_HAL_Driver/Src/stm32f4xx_hal_i2c.o
 .text.I2C_WaitOnFlagUntilTimeout
                0x0000000008003028       0xae ./Drivers/STM32F4xx_HAL_Driver/Src/stm32f4xx_hal_i2c.o
 .text.I2C_WaitOnMasterAddressFlagUntilTimeout
                0x00000000080030d6       0xfe ./Drivers/STM32F4xx_HAL_Driver/Src/stm32f4xx_hal_i2c.o
 .text.I2C_WaitOnTXEFlagUntilTimeout
                0x00000000080031d4       0x82 ./Drivers/STM32F4xx_HAL_Driver/Src/stm32f4xx_hal_i2c.o
 .text.I2C_WaitOnBTFFlagUntilTimeout
                0x0000000008003256       0x82 ./Drivers/STM32F4xx_HAL_Driver/Src/stm32f4xx_hal_i2c.o
 .text.I2C_IsAcknowledgeFailed
                0x00000000080032d8       0x5e ./Drivers/STM32F4xx_HAL_Driver/Src/stm32f4xx_hal_i2c.o
 *fill*         0x0000000008003336        0x2 
 .text.HAL_PWREx_EnableOverDrive
                0x0000000008003338       0xa0 ./Drivers/STM32F4xx_HAL_Driver/Src/stm32f4xx_hal_pwr_ex.o
                0x0000000008003338                HAL_PWREx_EnableOverDrive
 .text.HAL_RCC_ClockConfig
                0x00000000080033d8      0x1cc ./Drivers/STM32F4xx_HAL_Driver/Src/stm32f4xx_hal_rcc.o
                0x00000000080033d8                HAL_RCC_ClockConfig
 .text.HAL_RCC_GetHCLKFreq
                0x00000000080035a4       0x18 ./Drivers/STM32F4xx_HAL_Driver/Src/stm32f4xx_hal_rcc.o
                0x00000000080035a4                HAL_RCC_GetHCLKFreq
 .text.HAL_RCC_GetPCLK1Freq
                0x00000000080035bc       0x28 ./Drivers/STM32F4xx_HAL_Driver/Src/stm32f4xx_hal_rcc.o
                0x00000000080035bc                HAL_RCC_GetPCLK1Freq
 .text.HAL_RCC_GetPCLK2Freq
                0x00000000080035e4       0x28 ./Drivers/STM32F4xx_HAL_Driver/Src/stm32f4xx_hal_rcc.o
                0x00000000080035e4                HAL_RCC_GetPCLK2Freq
 .text.HAL_RCC_GetSysClockFreq
                0x000000000800360c      0x354 ./Drivers/STM32F4xx_HAL_Driver/Src/stm32f4xx_hal_rcc_ex.o
                0x000000000800360c                HAL_RCC_GetSysClockFreq
 .text.HAL_RCC_OscConfig
                0x0000000008003960      0x53c ./Drivers/STM32F4xx_HAL_Driver/Src/stm32f4xx_hal_rcc_ex.o
                0x0000000008003960                HAL_RCC_OscConfig
 .text.HAL_SPI_Init
                0x0000000008003e9c      0x112 ./Drivers/STM32F4xx_HAL_Driver/Src/stm32f4xx_hal_spi.o
                0x0000000008003e9c                HAL_SPI_Init
 .text.HAL_HalfDuplex_Init
                0x0000000008003fae       0xaa ./Drivers/STM32F4xx_HAL_Driver/Src/stm32f4xx_hal_uart.o
                0x0000000008003fae                HAL_HalfDuplex_Init
 .text.HAL_UART_Transmit
                0x0000000008004058      0x124 ./Drivers/STM32F4xx_HAL_Driver/Src/stm32f4xx_hal_uart.o
                0x0000000008004058                HAL_UART_Transmit
 .text.UART_WaitOnFlagUntilTimeout
                0x000000000800417c       0xdc ./Drivers/STM32F4xx_HAL_Driver/Src/stm32f4xx_hal_uart.o
 .text.UART_SetConfig
                0x0000000008004258      0x4e8 ./Drivers/STM32F4xx_HAL_Driver/Src/stm32f4xx_hal_uart.o
 .text._ZN15HardwareTestAppC2ER10UserInputsR12StateControlR5MotorR20Communication_Driver
                0x0000000008004740       0x3a ./Software/App/application.o
                0x0000000008004740                HardwareTestApp::HardwareTestApp(UserInputs&, StateControl&, Motor&, Communication_Driver&)
                0x0000000008004740                HardwareTestApp::HardwareTestApp(UserInputs&, StateControl&, Motor&, Communication_Driver&)
 *fill*         0x000000000800477a        0x2 
 .text._ZN11ApplicationC2Ev
                0x000000000800477c       0x8c ./Software/App/application.o
                0x000000000800477c                Application::Application()
                0x000000000800477c                Application::Application()
 .text._ZN11Application3runEv
                0x0000000008004808      0x10c ./Software/App/application.o
                0x0000000008004808                Application::run()
 .text._ZppR18Application_Screeni
                0x0000000008004914       0x3a ./Software/App/application.o
                0x0000000008004914                operator++(Application_Screen&, int)
 .text._ZmmR18Application_Screeni
                0x000000000800494e       0x3a ./Software/App/application.o
                0x000000000800494e                operator--(Application_Screen&, int)
 .text._Z18Timer_Get_Now_Timev
                0x0000000008004988       0x18 ./Software/App/hardware_test.o
                0x0000000008004988                Timer_Get_Now_Time()
 .text._Z15Timer_Set_Clockm
                0x00000000080049a0       0x1a ./Software/App/hardware_test.o
                0x00000000080049a0                Timer_Set_Clock(unsigned long)
 .text._Z21Timer_Get_Remain_Timem
                0x00000000080049ba       0x42 ./Software/App/hardware_test.o
                0x00000000080049ba                Timer_Get_Remain_Time(unsigned long)
 .text._ZN15HardwareTestApp3runEv
                0x00000000080049fc      0x138 ./Software/App/hardware_test.o
                0x00000000080049fc                HardwareTestApp::run()
 .text._ZN15HardwareTestApp19runEnemySensorsTestEv
                0x0000000008004b34      0x110 ./Software/App/hardware_test.o
                0x0000000008004b34                HardwareTestApp::runEnemySensorsTest()
 .text._ZN15HardwareTestApp20runLineDetectionTestEv
                0x0000000008004c44      0x188 ./Software/App/hardware_test.o
                0x0000000008004c44                HardwareTestApp::runLineDetectionTest()
 .text._ZN15HardwareTestApp12runMotorTestEv
                0x0000000008004dcc      0x21c ./Software/App/hardware_test.o
                0x0000000008004dcc                HardwareTestApp::runMotorTest()
 .text._ZppR25Hardware_Test_Screen_Typei
                0x0000000008004fe8       0x3a ./Software/App/hardware_test.o
                0x0000000008004fe8                operator++(Hardware_Test_Screen_Type&, int)
 .text._ZmmR25Hardware_Test_Screen_Typei
                0x0000000008005022       0x3a ./Software/App/hardware_test.o
                0x0000000008005022                operator--(Hardware_Test_Screen_Type&, int)
 .text._ZppR26Line_Detection_Screen_Typei
                0x000000000800505c       0x3a ./Software/App/hardware_test.o
                0x000000000800505c                operator++(Line_Detection_Screen_Type&, int)
 .text._ZmmR26Line_Detection_Screen_Typei
                0x0000000008005096       0x3a ./Software/App/hardware_test.o
                0x0000000008005096                operator--(Line_Detection_Screen_Type&, int)
 .text._ZppR27Enemy_Detection_Screen_Typei
                0x00000000080050d0       0x3a ./Software/App/hardware_test.o
                0x00000000080050d0                operator++(Enemy_Detection_Screen_Type&, int)
 .text._ZmmR27Enemy_Detection_Screen_Typei
                0x000000000800510a       0x3a ./Software/App/hardware_test.o
                0x000000000800510a                operator--(Enemy_Detection_Screen_Type&, int)
 .text._ZppR22Motor_Test_Screen_Typei
                0x0000000008005144       0x4c ./Software/App/hardware_test.o
                0x0000000008005144                operator++(Motor_Test_Screen_Type&, int)
 .text._ZmmR22Motor_Test_Screen_Typei
                0x0000000008005190       0x4c ./Software/App/hardware_test.o
                0x0000000008005190                operator--(Motor_Test_Screen_Type&, int)
 .text._Z41__static_initialization_and_destruction_0ii
                0x00000000080051dc       0x30 ./Software/App/hardware_test.o
 .text._GLOBAL__sub_I__ZN15HardwareTestApp3runEv
                0x000000000800520c       0x10 ./Software/App/hardware_test.o
 .text._ZN20Communication_DriverC2EP13USART_TypeDef
                0x000000000800521c       0x4a ./Software/Middleware/communication_driver.o
                0x000000000800521c                Communication_Driver::Communication_Driver(USART_TypeDef*)
                0x000000000800521c                Communication_Driver::Communication_Driver(USART_TypeDef*)
 .text._ZN20Communication_Driver6configEv
                0x0000000008005266       0x1a ./Software/Middleware/communication_driver.o
                0x0000000008005266                Communication_Driver::config()
 .text._Z13Display_Clearv
                0x0000000008005280        0xe ./Software/Middleware/display.o
                0x0000000008005280                Display_Clear()
 .text._Z12Display_Initv
                0x000000000800528e        0xc ./Software/Middleware/display.o
                0x000000000800528e                Display_Init()
 *fill*         0x000000000800529a        0x2 
 .text._Z16Draw_Center_TextPcP7FontDeft
                0x000000000800529c       0xe0 ./Software/Middleware/display.o
                0x000000000800529c                Draw_Center_Text(char*, FontDef*, unsigned short)
 .text._Z14Draw_Left_TextPcP7FontDeft
                0x000000000800537c       0x46 ./Software/Middleware/display.o
                0x000000000800537c                Draw_Left_Text(char*, FontDef*, unsigned short)
 .text._Z15Draw_Right_TextPcP7FontDeft
                0x00000000080053c2       0x7e ./Software/Middleware/display.o
                0x00000000080053c2                Draw_Right_Text(char*, FontDef*, unsigned short)
 .text._Z20Display_Title_ScreenPc
                0x0000000008005440       0x6c ./Software/Middleware/display.o
                0x0000000008005440                Display_Title_Screen(char*)
 .text._Z26Display_Small_Title_ScreenPc
                0x00000000080054ac       0x68 ./Software/Middleware/display.o
                0x00000000080054ac                Display_Small_Title_Screen(char*)
 .text._Z17Display_2_NumbersPcdd
                0x0000000008005514       0x74 ./Software/Middleware/display.o
                0x0000000008005514                Display_2_Numbers(char*, double, double)
 .text._Z18Draw_3_Points_LinePbPcS0_t
                0x0000000008005588       0x84 ./Software/Middleware/display.o
                0x0000000008005588                Draw_3_Points_Line(bool*, char*, char*, unsigned short)
 .text._Z27Display_Enemy_Sensors_VotesPa
                0x000000000800560c      0x114 ./Software/Middleware/display.o
                0x000000000800560c                Display_Enemy_Sensors_Votes(signed char*)
 .text._Z23Display_N_Values_ScreenPhh
                0x0000000008005720       0x90 ./Software/Middleware/display.o
                0x0000000008005720                Display_N_Values_Screen(unsigned char*, unsigned char)
 .text._Z28Display_Line_Position_Screen12LinePositionhhPc
                0x00000000080057b0      0x14c ./Software/Middleware/display.o
                0x00000000080057b0                Display_Line_Position_Screen(LinePosition, unsigned char, unsigned char, char*)
 .text._Z25Display_Motor_Test_ScreenPcaaxS_
                0x00000000080058fc       0xc8 ./Software/Middleware/display.o
                0x00000000080058fc                Display_Motor_Test_Screen(char*, signed char, signed char, long long, char*)
 .text._Z13Display_Errorv
                0x00000000080059c4       0x14 ./Software/Middleware/display.o
                0x00000000080059c4                Display_Error()
 .text._Z28Display_Get_Bottom_YPositionP7FontDef
                0x00000000080059d8       0x20 ./Software/Middleware/display.o
                0x00000000080059d8                Display_Get_Bottom_YPosition(FontDef*)
 .text._ZN12StateControlC2ERK16SensorsHubConfig
                0x00000000080059f8       0x3c ./Software/Middleware/state_control.o
                0x00000000080059f8                StateControl::StateControl(SensorsHubConfig const&)
                0x00000000080059f8                StateControl::StateControl(SensorsHubConfig const&)
 .text._Z41__static_initialization_and_destruction_0ii
                0x0000000008005a34       0x30 ./Software/Middleware/state_control.o
 .text._GLOBAL__sub_I__ZN12StateControlC2ERK16SensorsHubConfig
                0x0000000008005a64       0x10 ./Software/Middleware/state_control.o
 .text._ZN10UserInputsC2ERK16UserInputsConfig
                0x0000000008005a74       0x74 ./Software/Middleware/user_inputs.o
                0x0000000008005a74                UserInputs::UserInputs(UserInputsConfig const&)
                0x0000000008005a74                UserInputs::UserInputs(UserInputsConfig const&)
 .text._ZN10UserInputs9configAllEv
                0x0000000008005ae8       0x40 ./Software/Middleware/user_inputs.o
                0x0000000008005ae8                UserInputs::configAll()
 .text._ZN10UserInputs10readInputsEv
                0x0000000008005b28       0x40 ./Software/Middleware/user_inputs.o
                0x0000000008005b28                UserInputs::readInputs()
 .text._ZN10UserInputs8isAnyKeyEv
                0x0000000008005b68       0x44 ./Software/Middleware/user_inputs.o
                0x0000000008005b68                UserInputs::isAnyKey()
 .text._ZN10UserInputs19isReturnBackRequestEv
                0x0000000008005bac       0x2a ./Software/Middleware/user_inputs.o
                0x0000000008005bac                UserInputs::isReturnBackRequest()
 .text._ZN10UserInputs13isBackRequestEv
                0x0000000008005bd6       0x30 ./Software/Middleware/user_inputs.o
                0x0000000008005bd6                UserInputs::isBackRequest()
 .text._ZN10UserInputs13isNextRequestEv
                0x0000000008005c06       0x30 ./Software/Middleware/user_inputs.o
                0x0000000008005c06                UserInputs::isNextRequest()
 .text._ZN10UserInputs15isSelectRequestEv
                0x0000000008005c36       0x2e ./Software/Middleware/user_inputs.o
                0x0000000008005c36                UserInputs::isSelectRequest()
 .text._ZN10UserInputs17isSetValueRequestEv
                0x0000000008005c64       0x28 ./Software/Middleware/user_inputs.o
                0x0000000008005c64                UserInputs::isSetValueRequest()
 .text._ZNK10UserInputs8getData0Ev
                0x0000000008005c8c       0x1c ./Software/Middleware/user_inputs.o
                0x0000000008005c8c                UserInputs::getData0() const
 .text._ZNK10UserInputs8getData1Ev
                0x0000000008005ca8       0x1c ./Software/Middleware/user_inputs.o
                0x0000000008005ca8                UserInputs::getData1() const
 .text._ZNK10UserInputs8getData0Eff
                0x0000000008005cc4       0x30 ./Software/Middleware/user_inputs.o
                0x0000000008005cc4                UserInputs::getData0(float, float) const
 .text._ZNK10UserInputs8getData1Eff
                0x0000000008005cf4       0x30 ./Software/Middleware/user_inputs.o
                0x0000000008005cf4                UserInputs::getData1(float, float) const
 .text._ZN13EnemyPositionC2Ev
                0x0000000008005d24       0x22 ./Software/Model/enemy_position.o
                0x0000000008005d24                EnemyPosition::EnemyPosition()
                0x0000000008005d24                EnemyPosition::EnemyPosition()
 *fill*         0x0000000008005d46        0x2 
 .text._ZN13EnemyPositionC2Eh
                0x0000000008005d48       0x90 ./Software/Model/enemy_position.o
                0x0000000008005d48                EnemyPosition::EnemyPosition(unsigned char)
                0x0000000008005d48                EnemyPosition::EnemyPosition(unsigned char)
 .text._ZN13EnemyPosition18getCenterDirectionEv
                0x0000000008005dd8       0x16 ./Software/Model/enemy_position.o
                0x0000000008005dd8                EnemyPosition::getCenterDirection()
 .text._ZN13EnemyPosition30getDistanceFromCenterDirectionEv
                0x0000000008005dee       0x30 ./Software/Model/enemy_position.o
                0x0000000008005dee                EnemyPosition::getDistanceFromCenterDirection()
 .text._ZN12LinePositionC2Ev
                0x0000000008005e1e       0x1c ./Software/Model/line_position.o
                0x0000000008005e1e                LinePosition::LinePosition()
                0x0000000008005e1e                LinePosition::LinePosition()
 .text._ZN12LinePosition15setLinePositionENS_16LinePositionTypeE
                0x0000000008005e3a       0x1c ./Software/Model/line_position.o
                0x0000000008005e3a                LinePosition::setLinePosition(LinePosition::LinePositionType)
 .text._ZNK12LinePosition11isFrontLeftEv
                0x0000000008005e56       0x22 ./Software/Model/line_position.o
                0x0000000008005e56                LinePosition::isFrontLeft() const
 .text._ZNK12LinePosition7isFrontEv
                0x0000000008005e78       0x22 ./Software/Model/line_position.o
                0x0000000008005e78                LinePosition::isFront() const
 .text._ZNK12LinePosition12isFrontRightEv
                0x0000000008005e9a       0x22 ./Software/Model/line_position.o
                0x0000000008005e9a                LinePosition::isFrontRight() const
 .text._ZNK12LinePosition10isBackLeftEv
                0x0000000008005ebc       0x22 ./Software/Model/line_position.o
                0x0000000008005ebc                LinePosition::isBackLeft() const
 .text._ZNK12LinePosition6isBackEv
                0x0000000008005ede       0x22 ./Software/Model/line_position.o
                0x0000000008005ede                LinePosition::isBack() const
 .text._ZNK12LinePosition11isBackRightEv
                0x0000000008005f00       0x22 ./Software/Model/line_position.o
                0x0000000008005f00                LinePosition::isBackRight() const
 .text._ZNK12LinePosition6isLeftEv
                0x0000000008005f22       0x22 ./Software/Model/line_position.o
                0x0000000008005f22                LinePosition::isLeft() const
 .text._ZNK12LinePosition7isRightEv
                0x0000000008005f44       0x22 ./Software/Model/line_position.o
                0x0000000008005f44                LinePosition::isRight() const
 .text._ZNK12LinePosition6isNoneEv
                0x0000000008005f66       0x22 ./Software/Model/line_position.o
                0x0000000008005f66                LinePosition::isNone() const
 .text._ZN5StateC2Ev
                0x0000000008005f88       0x26 ./Software/Model/state.o
                0x0000000008005f88                State::State()
                0x0000000008005f88                State::State()
 .text.ssd1306_Reset
                0x0000000008005fae        0xe ./Software/Peripheral/SSD1306/ssd1306.o
                0x0000000008005fae                ssd1306_Reset
 .text.ssd1306_WriteCommand
                0x0000000008005fbc       0x30 ./Software/Peripheral/SSD1306/ssd1306.o
                0x0000000008005fbc                ssd1306_WriteCommand
 .text.ssd1306_WriteData
                0x0000000008005fec       0x34 ./Software/Peripheral/SSD1306/ssd1306.o
                0x0000000008005fec                ssd1306_WriteData
 .text.ssd1306_Init
                0x0000000008006020       0xd4 ./Software/Peripheral/SSD1306/ssd1306.o
                0x0000000008006020                ssd1306_Init
 .text.ssd1306_Fill
                0x00000000080060f4       0x48 ./Software/Peripheral/SSD1306/ssd1306.o
                0x00000000080060f4                ssd1306_Fill
 .text.ssd1306_UpdateScreen
                0x000000000800613c       0x50 ./Software/Peripheral/SSD1306/ssd1306.o
                0x000000000800613c                ssd1306_UpdateScreen
 .text.ssd1306_DrawPixel
                0x000000000800618c       0xa8 ./Software/Peripheral/SSD1306/ssd1306.o
                0x000000000800618c                ssd1306_DrawPixel
 .text.ssd1306_WriteChar
                0x0000000008006234      0x110 ./Software/Peripheral/SSD1306/ssd1306.o
                0x0000000008006234                ssd1306_WriteChar
 .text.ssd1306_WriteString
                0x0000000008006344       0x4c ./Software/Peripheral/SSD1306/ssd1306.o
                0x0000000008006344                ssd1306_WriteString
 .text.ssd1306_SetCursor
                0x0000000008006390       0x30 ./Software/Peripheral/SSD1306/ssd1306.o
                0x0000000008006390                ssd1306_SetCursor
 .text.ssd1306_SetContrast
                0x00000000080063c0       0x26 ./Software/Peripheral/SSD1306/ssd1306.o
                0x00000000080063c0                ssd1306_SetContrast
 *fill*         0x00000000080063e6        0x2 
 .text.ssd1306_SetDisplayOn
                0x00000000080063e8       0x3c ./Software/Peripheral/SSD1306/ssd1306.o
                0x00000000080063e8                ssd1306_SetDisplayOn
 .text._ZN13ComplexButtonC2EP12GPIO_TypeDeft
                0x0000000008006424       0x44 ./Software/Peripheral/button_driver.o
                0x0000000008006424                ComplexButton::ComplexButton(GPIO_TypeDef*, unsigned short)
                0x0000000008006424                ComplexButton::ComplexButton(GPIO_TypeDef*, unsigned short)
 .text._ZN13ComplexButton6configEv
                0x0000000008006468       0x40 ./Software/Peripheral/button_driver.o
                0x0000000008006468                ComplexButton::config()
 .text._ZNK13ComplexButton12getLastValueEv
                0x00000000080064a8       0x18 ./Software/Peripheral/button_driver.o
                0x00000000080064a8                ComplexButton::getLastValue() const
 .text._ZN13ComplexButton4readEv
                0x00000000080064c0      0x108 ./Software/Peripheral/button_driver.o
                0x00000000080064c0                ComplexButton::read()
 .text._ZN14EnemyDetectionC2EPK20EnemyDetectionConfig
                0x00000000080065c8       0x50 ./Software/Peripheral/enemy_detection.o
                0x00000000080065c8                EnemyDetection::EnemyDetection(EnemyDetectionConfig const*)
                0x00000000080065c8                EnemyDetection::EnemyDetection(EnemyDetectionConfig const*)
 .text._ZN14EnemyDetection11readSensorsEv
                0x0000000008006618       0x60 ./Software/Peripheral/enemy_detection.o
                0x0000000008006618                EnemyDetection::readSensors()
 .text._ZN14EnemyDetection23readAndTakeSensorsVotesEPa
                0x0000000008006678      0x664 ./Software/Peripheral/enemy_detection.o
                0x0000000008006678                EnemyDetection::readAndTakeSensorsVotes(signed char*)
 .text._ZN13LineDetectionC2ERKNS_19LineDetectionConfigE
                0x0000000008006cdc       0x3a ./Software/Peripheral/line_detection.o
                0x0000000008006cdc                LineDetection::LineDetection(LineDetection::LineDetectionConfig const&)
                0x0000000008006cdc                LineDetection::LineDetection(LineDetection::LineDetectionConfig const&)
 .text._ZN13LineDetection21resetFiltersToDefaultEv
                0x0000000008006d16       0x20 ./Software/Peripheral/line_detection.o
                0x0000000008006d16                LineDetection::resetFiltersToDefault()
 .text._ZN13LineDetection7readAllEPh
                0x0000000008006d36       0x7e ./Software/Peripheral/line_detection.o
                0x0000000008006d36                LineDetection::readAll(unsigned char*)
 .text._ZN13LineDetection28readAndConvertToLinePositionEv
                0x0000000008006db4      0x178 ./Software/Peripheral/line_detection.o
                0x0000000008006db4                LineDetection::readAndConvertToLinePosition()
 .text._ZN13LineDetection13selectAndReadEP17ADC_HandleTypeDefm
                0x0000000008006f2c       0x60 ./Software/Peripheral/line_detection.o
                0x0000000008006f2c                LineDetection::selectAndRead(ADC_HandleTypeDef*, unsigned long)
 .text._ZN13LineDetection18sensorOutputToBoolEm
                0x0000000008006f8c       0x28 ./Software/Peripheral/line_detection.o
                0x0000000008006f8c                LineDetection::sensorOutputToBool(unsigned long)
 .text._ZN5MotorC2EP13USART_TypeDef
                0x0000000008006fb4       0x2e ./Software/Peripheral/motor_driver.o
                0x0000000008006fb4                Motor::Motor(USART_TypeDef*)
                0x0000000008006fb4                Motor::Motor(USART_TypeDef*)
 .text._ZN5Motor4stopEv
                0x0000000008006fe2       0x1a ./Software/Peripheral/motor_driver.o
                0x0000000008006fe2                Motor::stop()
 .text._ZN5Motor11changePowerEaa
                0x0000000008006ffc       0x98 ./Software/Peripheral/motor_driver.o
                0x0000000008006ffc                Motor::changePower(signed char, signed char)
 .text._ZN5Motor20power_to_motor_inputEab
                0x0000000008007094       0xf0 ./Software/Peripheral/motor_driver.o
                0x0000000008007094                Motor::power_to_motor_input(signed char, bool)
 .text._ZN5Motor17boundedPowerValueEa
                0x0000000008007184       0x34 ./Software/Peripheral/motor_driver.o
                0x0000000008007184                Motor::boundedPowerValue(signed char)
 .text._ZN7TrimpotC2EP17ADC_HandleTypeDefm
                0x00000000080071b8       0x2c ./Software/Peripheral/trimpot_driver.o
                0x00000000080071b8                Trimpot::Trimpot(ADC_HandleTypeDef*, unsigned long)
                0x00000000080071b8                Trimpot::Trimpot(ADC_HandleTypeDef*, unsigned long)
 .text._ZN7Trimpot6configEv
                0x00000000080071e4       0x14 ./Software/Peripheral/trimpot_driver.o
                0x00000000080071e4                Trimpot::config()
 .text._ZN7Trimpot4readEv
                0x00000000080071f8       0xaa ./Software/Peripheral/trimpot_driver.o
                0x00000000080071f8                Trimpot::read()
 .text._ZNK7Trimpot7getDataEv
                0x00000000080072a2       0x18 ./Software/Peripheral/trimpot_driver.o
                0x00000000080072a2                Trimpot::getData() const
 *fill*         0x00000000080072ba        0x2 
 .text._ZNK7Trimpot7getDataEff
                0x00000000080072bc       0x60 ./Software/Peripheral/trimpot_driver.o
                0x00000000080072bc                Trimpot::getData(float, float) const
 .text.__cvt    0x000000000800731c       0xc4 C:/ST/STM32CubeIDE_1.13.1/STM32CubeIDE/plugins/com.st.stm32cube.ide.mcu.externaltools.gnu-tools-for-stm32.11.3.rel1.win32_1.1.0.202305231506/tools/bin/../lib/gcc/arm-none-eabi/11.3.1/../../../../arm-none-eabi/lib/thumb/v7e-m+fp/hard\libc_nano.a(libc_a-nano-vfprintf_float.o)
                0x000000000800731c                __cvt
 .text.__exponent
                0x00000000080073e0       0x7c C:/ST/STM32CubeIDE_1.13.1/STM32CubeIDE/plugins/com.st.stm32cube.ide.mcu.externaltools.gnu-tools-for-stm32.11.3.rel1.win32_1.1.0.202305231506/tools/bin/../lib/gcc/arm-none-eabi/11.3.1/../../../../arm-none-eabi/lib/thumb/v7e-m+fp/hard\libc_nano.a(libc_a-nano-vfprintf_float.o)
                0x00000000080073e0                __exponent
 .text._printf_float
                0x000000000800745c      0x46c C:/ST/STM32CubeIDE_1.13.1/STM32CubeIDE/plugins/com.st.stm32cube.ide.mcu.externaltools.gnu-tools-for-stm32.11.3.rel1.win32_1.1.0.202305231506/tools/bin/../lib/gcc/arm-none-eabi/11.3.1/../../../../arm-none-eabi/lib/thumb/v7e-m+fp/hard\libc_nano.a(libc_a-nano-vfprintf_float.o)
                0x000000000800745c                _printf_float
 .text._printf_common
                0x00000000080078c8       0xda C:/ST/STM32CubeIDE_1.13.1/STM32CubeIDE/plugins/com.st.stm32cube.ide.mcu.externaltools.gnu-tools-for-stm32.11.3.rel1.win32_1.1.0.202305231506/tools/bin/../lib/gcc/arm-none-eabi/11.3.1/../../../../arm-none-eabi/lib/thumb/v7e-m+fp/hard\libc_nano.a(libc_a-nano-vfprintf_i.o)
                0x00000000080078c8                _printf_common
 *fill*         0x00000000080079a2        0x2 
 .text._printf_i
                0x00000000080079a4      0x244 C:/ST/STM32CubeIDE_1.13.1/STM32CubeIDE/plugins/com.st.stm32cube.ide.mcu.externaltools.gnu-tools-for-stm32.11.3.rel1.win32_1.1.0.202305231506/tools/bin/../lib/gcc/arm-none-eabi/11.3.1/../../../../arm-none-eabi/lib/thumb/v7e-m+fp/hard\libc_nano.a(libc_a-nano-vfprintf_i.o)
                0x00000000080079a4                _printf_i
 .text.std      0x0000000008007be8       0x48 C:/ST/STM32CubeIDE_1.13.1/STM32CubeIDE/plugins/com.st.stm32cube.ide.mcu.externaltools.gnu-tools-for-stm32.11.3.rel1.win32_1.1.0.202305231506/tools/bin/../lib/gcc/arm-none-eabi/11.3.1/../../../../arm-none-eabi/lib/thumb/v7e-m+fp/hard\libc_nano.a(libc_a-findfp.o)
 .text.stdio_exit_handler
                0x0000000008007c30       0x18 C:/ST/STM32CubeIDE_1.13.1/STM32CubeIDE/plugins/com.st.stm32cube.ide.mcu.externaltools.gnu-tools-for-stm32.11.3.rel1.win32_1.1.0.202305231506/tools/bin/../lib/gcc/arm-none-eabi/11.3.1/../../../../arm-none-eabi/lib/thumb/v7e-m+fp/hard\libc_nano.a(libc_a-findfp.o)
 .text.cleanup_stdio
                0x0000000008007c48       0x40 C:/ST/STM32CubeIDE_1.13.1/STM32CubeIDE/plugins/com.st.stm32cube.ide.mcu.externaltools.gnu-tools-for-stm32.11.3.rel1.win32_1.1.0.202305231506/tools/bin/../lib/gcc/arm-none-eabi/11.3.1/../../../../arm-none-eabi/lib/thumb/v7e-m+fp/hard\libc_nano.a(libc_a-findfp.o)
 .text.global_stdio_init.part.0
                0x0000000008007c88       0x3c C:/ST/STM32CubeIDE_1.13.1/STM32CubeIDE/plugins/com.st.stm32cube.ide.mcu.externaltools.gnu-tools-for-stm32.11.3.rel1.win32_1.1.0.202305231506/tools/bin/../lib/gcc/arm-none-eabi/11.3.1/../../../../arm-none-eabi/lib/thumb/v7e-m+fp/hard\libc_nano.a(libc_a-findfp.o)
 .text.__sfp_lock_acquire
                0x0000000008007cc4        0xc C:/ST/STM32CubeIDE_1.13.1/STM32CubeIDE/plugins/com.st.stm32cube.ide.mcu.externaltools.gnu-tools-for-stm32.11.3.rel1.win32_1.1.0.202305231506/tools/bin/../lib/gcc/arm-none-eabi/11.3.1/../../../../arm-none-eabi/lib/thumb/v7e-m+fp/hard\libc_nano.a(libc_a-findfp.o)
                0x0000000008007cc4                __sfp_lock_acquire
 .text.__sfp_lock_release
                0x0000000008007cd0        0xc C:/ST/STM32CubeIDE_1.13.1/STM32CubeIDE/plugins/com.st.stm32cube.ide.mcu.externaltools.gnu-tools-for-stm32.11.3.rel1.win32_1.1.0.202305231506/tools/bin/../lib/gcc/arm-none-eabi/11.3.1/../../../../arm-none-eabi/lib/thumb/v7e-m+fp/hard\libc_nano.a(libc_a-findfp.o)
                0x0000000008007cd0                __sfp_lock_release
 .text.__sinit  0x0000000008007cdc       0x30 C:/ST/STM32CubeIDE_1.13.1/STM32CubeIDE/plugins/com.st.stm32cube.ide.mcu.externaltools.gnu-tools-for-stm32.11.3.rel1.win32_1.1.0.202305231506/tools/bin/../lib/gcc/arm-none-eabi/11.3.1/../../../../arm-none-eabi/lib/thumb/v7e-m+fp/hard\libc_nano.a(libc_a-findfp.o)
                0x0000000008007cdc                __sinit
 .text._fwalk_sglue
                0x0000000008007d0c       0x3c C:/ST/STM32CubeIDE_1.13.1/STM32CubeIDE/plugins/com.st.stm32cube.ide.mcu.externaltools.gnu-tools-for-stm32.11.3.rel1.win32_1.1.0.202305231506/tools/bin/../lib/gcc/arm-none-eabi/11.3.1/../../../../arm-none-eabi/lib/thumb/v7e-m+fp/hard\libc_nano.a(libc_a-fwalk.o)
                0x0000000008007d0c                _fwalk_sglue
 .text.sprintf  0x0000000008007d48       0x40 C:/ST/STM32CubeIDE_1.13.1/STM32CubeIDE/plugins/com.st.stm32cube.ide.mcu.externaltools.gnu-tools-for-stm32.11.3.rel1.win32_1.1.0.202305231506/tools/bin/../lib/gcc/arm-none-eabi/11.3.1/../../../../arm-none-eabi/lib/thumb/v7e-m+fp/hard\libc_nano.a(libc_a-sprintf.o)
                0x0000000008007d48                siprintf
                0x0000000008007d48                sprintf
 .text.__sread  0x0000000008007d88       0x22 C:/ST/STM32CubeIDE_1.13.1/STM32CubeIDE/plugins/com.st.stm32cube.ide.mcu.externaltools.gnu-tools-for-stm32.11.3.rel1.win32_1.1.0.202305231506/tools/bin/../lib/gcc/arm-none-eabi/11.3.1/../../../../arm-none-eabi/lib/thumb/v7e-m+fp/hard\libc_nano.a(libc_a-stdio.o)
                0x0000000008007d88                __sread
 .text.__swrite
                0x0000000008007daa       0x38 C:/ST/STM32CubeIDE_1.13.1/STM32CubeIDE/plugins/com.st.stm32cube.ide.mcu.externaltools.gnu-tools-for-stm32.11.3.rel1.win32_1.1.0.202305231506/tools/bin/../lib/gcc/arm-none-eabi/11.3.1/../../../../arm-none-eabi/lib/thumb/v7e-m+fp/hard\libc_nano.a(libc_a-stdio.o)
                0x0000000008007daa                __swrite
 .text.__sseek  0x0000000008007de2       0x24 C:/ST/STM32CubeIDE_1.13.1/STM32CubeIDE/plugins/com.st.stm32cube.ide.mcu.externaltools.gnu-tools-for-stm32.11.3.rel1.win32_1.1.0.202305231506/tools/bin/../lib/gcc/arm-none-eabi/11.3.1/../../../../arm-none-eabi/lib/thumb/v7e-m+fp/hard\libc_nano.a(libc_a-stdio.o)
                0x0000000008007de2                __sseek
 .text.__sclose
                0x0000000008007e06        0x8 C:/ST/STM32CubeIDE_1.13.1/STM32CubeIDE/plugins/com.st.stm32cube.ide.mcu.externaltools.gnu-tools-for-stm32.11.3.rel1.win32_1.1.0.202305231506/tools/bin/../lib/gcc/arm-none-eabi/11.3.1/../../../../arm-none-eabi/lib/thumb/v7e-m+fp/hard\libc_nano.a(libc_a-stdio.o)
                0x0000000008007e06                __sclose
 .text.memmove  0x0000000008007e0e       0x34 C:/ST/STM32CubeIDE_1.13.1/STM32CubeIDE/plugins/com.st.stm32cube.ide.mcu.externaltools.gnu-tools-for-stm32.11.3.rel1.win32_1.1.0.202305231506/tools/bin/../lib/gcc/arm-none-eabi/11.3.1/../../../../arm-none-eabi/lib/thumb/v7e-m+fp/hard\libc_nano.a(libc_a-memmove.o)
                0x0000000008007e0e                memmove
 .text.memset   0x0000000008007e42       0x10 C:/ST/STM32CubeIDE_1.13.1/STM32CubeIDE/plugins/com.st.stm32cube.ide.mcu.externaltools.gnu-tools-for-stm32.11.3.rel1.win32_1.1.0.202305231506/tools/bin/../lib/gcc/arm-none-eabi/11.3.1/../../../../arm-none-eabi/lib/thumb/v7e-m+fp/hard\libc_nano.a(libc_a-memset.o)
                0x0000000008007e42                memset
 .text.strchr   0x0000000008007e52       0x1a C:/ST/STM32CubeIDE_1.13.1/STM32CubeIDE/plugins/com.st.stm32cube.ide.mcu.externaltools.gnu-tools-for-stm32.11.3.rel1.win32_1.1.0.202305231506/tools/bin/../lib/gcc/arm-none-eabi/11.3.1/../../../../arm-none-eabi/lib/thumb/v7e-m+fp/hard\libc_nano.a(libc_a-strchr.o)
                0x0000000008007e52                strchr
 .text._localeconv_r
                0x0000000008007e6c        0x8 C:/ST/STM32CubeIDE_1.13.1/STM32CubeIDE/plugins/com.st.stm32cube.ide.mcu.externaltools.gnu-tools-for-stm32.11.3.rel1.win32_1.1.0.202305231506/tools/bin/../lib/gcc/arm-none-eabi/11.3.1/../../../../arm-none-eabi/lib/thumb/v7e-m+fp/hard\libc_nano.a(libc_a-localeconv.o)
                0x0000000008007e6c                _localeconv_r
 .text._close_r
                0x0000000008007e74       0x20 C:/ST/STM32CubeIDE_1.13.1/STM32CubeIDE/plugins/com.st.stm32cube.ide.mcu.externaltools.gnu-tools-for-stm32.11.3.rel1.win32_1.1.0.202305231506/tools/bin/../lib/gcc/arm-none-eabi/11.3.1/../../../../arm-none-eabi/lib/thumb/v7e-m+fp/hard\libc_nano.a(libc_a-closer.o)
                0x0000000008007e74                _close_r
 .text._lseek_r
                0x0000000008007e94       0x24 C:/ST/STM32CubeIDE_1.13.1/STM32CubeIDE/plugins/com.st.stm32cube.ide.mcu.externaltools.gnu-tools-for-stm32.11.3.rel1.win32_1.1.0.202305231506/tools/bin/../lib/gcc/arm-none-eabi/11.3.1/../../../../arm-none-eabi/lib/thumb/v7e-m+fp/hard\libc_nano.a(libc_a-lseekr.o)
                0x0000000008007e94                _lseek_r
 .text._read_r  0x0000000008007eb8       0x24 C:/ST/STM32CubeIDE_1.13.1/STM32CubeIDE/plugins/com.st.stm32cube.ide.mcu.externaltools.gnu-tools-for-stm32.11.3.rel1.win32_1.1.0.202305231506/tools/bin/../lib/gcc/arm-none-eabi/11.3.1/../../../../arm-none-eabi/lib/thumb/v7e-m+fp/hard\libc_nano.a(libc_a-readr.o)
                0x0000000008007eb8                _read_r
 .text._write_r
                0x0000000008007edc       0x24 C:/ST/STM32CubeIDE_1.13.1/STM32CubeIDE/plugins/com.st.stm32cube.ide.mcu.externaltools.gnu-tools-for-stm32.11.3.rel1.win32_1.1.0.202305231506/tools/bin/../lib/gcc/arm-none-eabi/11.3.1/../../../../arm-none-eabi/lib/thumb/v7e-m+fp/hard\libc_nano.a(libc_a-writer.o)
                0x0000000008007edc                _write_r
 .text.__errno  0x0000000008007f00        0xc C:/ST/STM32CubeIDE_1.13.1/STM32CubeIDE/plugins/com.st.stm32cube.ide.mcu.externaltools.gnu-tools-for-stm32.11.3.rel1.win32_1.1.0.202305231506/tools/bin/../lib/gcc/arm-none-eabi/11.3.1/../../../../arm-none-eabi/lib/thumb/v7e-m+fp/hard\libc_nano.a(libc_a-errno.o)
                0x0000000008007f00                __errno
 .text.__libc_init_array
                0x0000000008007f0c       0x48 C:/ST/STM32CubeIDE_1.13.1/STM32CubeIDE/plugins/com.st.stm32cube.ide.mcu.externaltools.gnu-tools-for-stm32.11.3.rel1.win32_1.1.0.202305231506/tools/bin/../lib/gcc/arm-none-eabi/11.3.1/../../../../arm-none-eabi/lib/thumb/v7e-m+fp/hard\libc_nano.a(libc_a-init.o)
                0x0000000008007f0c                __libc_init_array
 .text.__retarget_lock_acquire_recursive
                0x0000000008007f54        0x2 C:/ST/STM32CubeIDE_1.13.1/STM32CubeIDE/plugins/com.st.stm32cube.ide.mcu.externaltools.gnu-tools-for-stm32.11.3.rel1.win32_1.1.0.202305231506/tools/bin/../lib/gcc/arm-none-eabi/11.3.1/../../../../arm-none-eabi/lib/thumb/v7e-m+fp/hard\libc_nano.a(libc_a-lock.o)
                0x0000000008007f54                __retarget_lock_acquire_recursive
 .text.__retarget_lock_release_recursive
                0x0000000008007f56        0x2 C:/ST/STM32CubeIDE_1.13.1/STM32CubeIDE/plugins/com.st.stm32cube.ide.mcu.externaltools.gnu-tools-for-stm32.11.3.rel1.win32_1.1.0.202305231506/tools/bin/../lib/gcc/arm-none-eabi/11.3.1/../../../../arm-none-eabi/lib/thumb/v7e-m+fp/hard\libc_nano.a(libc_a-lock.o)
                0x0000000008007f56                __retarget_lock_release_recursive
 .text.memcpy   0x0000000008007f58       0x1c C:/ST/STM32CubeIDE_1.13.1/STM32CubeIDE/plugins/com.st.stm32cube.ide.mcu.externaltools.gnu-tools-for-stm32.11.3.rel1.win32_1.1.0.202305231506/tools/bin/../lib/gcc/arm-none-eabi/11.3.1/../../../../arm-none-eabi/lib/thumb/v7e-m+fp/hard\libc_nano.a(libc_a-memcpy-stub.o)
                0x0000000008007f58                memcpy
 .text.quorem   0x0000000008007f74      0x110 C:/ST/STM32CubeIDE_1.13.1/STM32CubeIDE/plugins/com.st.stm32cube.ide.mcu.externaltools.gnu-tools-for-stm32.11.3.rel1.win32_1.1.0.202305231506/tools/bin/../lib/gcc/arm-none-eabi/11.3.1/../../../../arm-none-eabi/lib/thumb/v7e-m+fp/hard\libc_nano.a(libc_a-dtoa.o)
 *fill*         0x0000000008008084        0x4 
 .text._dtoa_r  0x0000000008008088      0xbe4 C:/ST/STM32CubeIDE_1.13.1/STM32CubeIDE/plugins/com.st.stm32cube.ide.mcu.externaltools.gnu-tools-for-stm32.11.3.rel1.win32_1.1.0.202305231506/tools/bin/../lib/gcc/arm-none-eabi/11.3.1/../../../../arm-none-eabi/lib/thumb/v7e-m+fp/hard\libc_nano.a(libc_a-dtoa.o)
                0x0000000008008088                _dtoa_r
 .text._free_r  0x0000000008008c6c       0x98 C:/ST/STM32CubeIDE_1.13.1/STM32CubeIDE/plugins/com.st.stm32cube.ide.mcu.externaltools.gnu-tools-for-stm32.11.3.rel1.win32_1.1.0.202305231506/tools/bin/../lib/gcc/arm-none-eabi/11.3.1/../../../../arm-none-eabi/lib/thumb/v7e-m+fp/hard\libc_nano.a(libc_a-freer.o)
                0x0000000008008c6c                _free_r
 .text.malloc   0x0000000008008d04       0x10 C:/ST/STM32CubeIDE_1.13.1/STM32CubeIDE/plugins/com.st.stm32cube.ide.mcu.externaltools.gnu-tools-for-stm32.11.3.rel1.win32_1.1.0.202305231506/tools/bin/../lib/gcc/arm-none-eabi/11.3.1/../../../../arm-none-eabi/lib/thumb/v7e-m+fp/hard\libc_nano.a(libc_a-malloc.o)
                0x0000000008008d04                malloc
 .text.sbrk_aligned
                0x0000000008008d14       0x40 C:/ST/STM32CubeIDE_1.13.1/STM32CubeIDE/plugins/com.st.stm32cube.ide.mcu.externaltools.gnu-tools-for-stm32.11.3.rel1.win32_1.1.0.202305231506/tools/bin/../lib/gcc/arm-none-eabi/11.3.1/../../../../arm-none-eabi/lib/thumb/v7e-m+fp/hard\libc_nano.a(libc_a-mallocr.o)
 .text._malloc_r
                0x0000000008008d54      0x100 C:/ST/STM32CubeIDE_1.13.1/STM32CubeIDE/plugins/com.st.stm32cube.ide.mcu.externaltools.gnu-tools-for-stm32.11.3.rel1.win32_1.1.0.202305231506/tools/bin/../lib/gcc/arm-none-eabi/11.3.1/../../../../arm-none-eabi/lib/thumb/v7e-m+fp/hard\libc_nano.a(libc_a-mallocr.o)
                0x0000000008008d54                _malloc_r
 .text.__malloc_lock
                0x0000000008008e54        0xc C:/ST/STM32CubeIDE_1.13.1/STM32CubeIDE/plugins/com.st.stm32cube.ide.mcu.externaltools.gnu-tools-for-stm32.11.3.rel1.win32_1.1.0.202305231506/tools/bin/../lib/gcc/arm-none-eabi/11.3.1/../../../../arm-none-eabi/lib/thumb/v7e-m+fp/hard\libc_nano.a(libc_a-mlock.o)
                0x0000000008008e54                __malloc_lock
 .text.__malloc_unlock
                0x0000000008008e60        0xc C:/ST/STM32CubeIDE_1.13.1/STM32CubeIDE/plugins/com.st.stm32cube.ide.mcu.externaltools.gnu-tools-for-stm32.11.3.rel1.win32_1.1.0.202305231506/tools/bin/../lib/gcc/arm-none-eabi/11.3.1/../../../../arm-none-eabi/lib/thumb/v7e-m+fp/hard\libc_nano.a(libc_a-mlock.o)
                0x0000000008008e60                __malloc_unlock
 .text._Balloc  0x0000000008008e6c       0x80 C:/ST/STM32CubeIDE_1.13.1/STM32CubeIDE/plugins/com.st.stm32cube.ide.mcu.externaltools.gnu-tools-for-stm32.11.3.rel1.win32_1.1.0.202305231506/tools/bin/../lib/gcc/arm-none-eabi/11.3.1/../../../../arm-none-eabi/lib/thumb/v7e-m+fp/hard\libc_nano.a(libc_a-mprec.o)
                0x0000000008008e6c                _Balloc
 .text._Bfree   0x0000000008008eec       0x44 C:/ST/STM32CubeIDE_1.13.1/STM32CubeIDE/plugins/com.st.stm32cube.ide.mcu.externaltools.gnu-tools-for-stm32.11.3.rel1.win32_1.1.0.202305231506/tools/bin/../lib/gcc/arm-none-eabi/11.3.1/../../../../arm-none-eabi/lib/thumb/v7e-m+fp/hard\libc_nano.a(libc_a-mprec.o)
                0x0000000008008eec                _Bfree
 .text.__multadd
                0x0000000008008f30       0x8c C:/ST/STM32CubeIDE_1.13.1/STM32CubeIDE/plugins/com.st.stm32cube.ide.mcu.externaltools.gnu-tools-for-stm32.11.3.rel1.win32_1.1.0.202305231506/tools/bin/../lib/gcc/arm-none-eabi/11.3.1/../../../../arm-none-eabi/lib/thumb/v7e-m+fp/hard\libc_nano.a(libc_a-mprec.o)
                0x0000000008008f30                __multadd
 .text.__hi0bits
                0x0000000008008fbc       0x40 C:/ST/STM32CubeIDE_1.13.1/STM32CubeIDE/plugins/com.st.stm32cube.ide.mcu.externaltools.gnu-tools-for-stm32.11.3.rel1.win32_1.1.0.202305231506/tools/bin/../lib/gcc/arm-none-eabi/11.3.1/../../../../arm-none-eabi/lib/thumb/v7e-m+fp/hard\libc_nano.a(libc_a-mprec.o)
                0x0000000008008fbc                __hi0bits
 .text.__lo0bits
                0x0000000008008ffc       0x5a C:/ST/STM32CubeIDE_1.13.1/STM32CubeIDE/plugins/com.st.stm32cube.ide.mcu.externaltools.gnu-tools-for-stm32.11.3.rel1.win32_1.1.0.202305231506/tools/bin/../lib/gcc/arm-none-eabi/11.3.1/../../../../arm-none-eabi/lib/thumb/v7e-m+fp/hard\libc_nano.a(libc_a-mprec.o)
                0x0000000008008ffc                __lo0bits
 *fill*         0x0000000008009056        0x2 
 .text.__i2b    0x0000000008009058       0x2c C:/ST/STM32CubeIDE_1.13.1/STM32CubeIDE/plugins/com.st.stm32cube.ide.mcu.externaltools.gnu-tools-for-stm32.11.3.rel1.win32_1.1.0.202305231506/tools/bin/../lib/gcc/arm-none-eabi/11.3.1/../../../../arm-none-eabi/lib/thumb/v7e-m+fp/hard\libc_nano.a(libc_a-mprec.o)
                0x0000000008009058                __i2b
 .text.__multiply
                0x0000000008009084      0x154 C:/ST/STM32CubeIDE_1.13.1/STM32CubeIDE/plugins/com.st.stm32cube.ide.mcu.externaltools.gnu-tools-for-stm32.11.3.rel1.win32_1.1.0.202305231506/tools/bin/../lib/gcc/arm-none-eabi/11.3.1/../../../../arm-none-eabi/lib/thumb/v7e-m+fp/hard\libc_nano.a(libc_a-mprec.o)
                0x0000000008009084                __multiply
 .text.__pow5mult
                0x00000000080091d8       0xb4 C:/ST/STM32CubeIDE_1.13.1/STM32CubeIDE/plugins/com.st.stm32cube.ide.mcu.externaltools.gnu-tools-for-stm32.11.3.rel1.win32_1.1.0.202305231506/tools/bin/../lib/gcc/arm-none-eabi/11.3.1/../../../../arm-none-eabi/lib/thumb/v7e-m+fp/hard\libc_nano.a(libc_a-mprec.o)
                0x00000000080091d8                __pow5mult
 .text.__lshift
                0x000000000800928c       0xd8 C:/ST/STM32CubeIDE_1.13.1/STM32CubeIDE/plugins/com.st.stm32cube.ide.mcu.externaltools.gnu-tools-for-stm32.11.3.rel1.win32_1.1.0.202305231506/tools/bin/../lib/gcc/arm-none-eabi/11.3.1/../../../../arm-none-eabi/lib/thumb/v7e-m+fp/hard\libc_nano.a(libc_a-mprec.o)
                0x000000000800928c                __lshift
 .text.__mcmp   0x0000000008009364       0x38 C:/ST/STM32CubeIDE_1.13.1/STM32CubeIDE/plugins/com.st.stm32cube.ide.mcu.externaltools.gnu-tools-for-stm32.11.3.rel1.win32_1.1.0.202305231506/tools/bin/../lib/gcc/arm-none-eabi/11.3.1/../../../../arm-none-eabi/lib/thumb/v7e-m+fp/hard\libc_nano.a(libc_a-mprec.o)
                0x0000000008009364                __mcmp
 .text.__mdiff  0x000000000800939c      0x114 C:/ST/STM32CubeIDE_1.13.1/STM32CubeIDE/plugins/com.st.stm32cube.ide.mcu.externaltools.gnu-tools-for-stm32.11.3.rel1.win32_1.1.0.202305231506/tools/bin/../lib/gcc/arm-none-eabi/11.3.1/../../../../arm-none-eabi/lib/thumb/v7e-m+fp/hard\libc_nano.a(libc_a-mprec.o)
                0x000000000800939c                __mdiff
 .text.__d2b    0x00000000080094b0       0xb4 C:/ST/STM32CubeIDE_1.13.1/STM32CubeIDE/plugins/com.st.stm32cube.ide.mcu.externaltools.gnu-tools-for-stm32.11.3.rel1.win32_1.1.0.202305231506/tools/bin/../lib/gcc/arm-none-eabi/11.3.1/../../../../arm-none-eabi/lib/thumb/v7e-m+fp/hard\libc_nano.a(libc_a-mprec.o)
                0x00000000080094b0                __d2b
 .text.__ssputs_r
                0x0000000008009564       0xb4 C:/ST/STM32CubeIDE_1.13.1/STM32CubeIDE/plugins/com.st.stm32cube.ide.mcu.externaltools.gnu-tools-for-stm32.11.3.rel1.win32_1.1.0.202305231506/tools/bin/../lib/gcc/arm-none-eabi/11.3.1/../../../../arm-none-eabi/lib/thumb/v7e-m+fp/hard\libc_nano.a(libc_a-nano-svfprintf.o)
                0x0000000008009564                __ssputs_r
 .text._svfprintf_r
                0x0000000008009618      0x1fc C:/ST/STM32CubeIDE_1.13.1/STM32CubeIDE/plugins/com.st.stm32cube.ide.mcu.externaltools.gnu-tools-for-stm32.11.3.rel1.win32_1.1.0.202305231506/tools/bin/../lib/gcc/arm-none-eabi/11.3.1/../../../../arm-none-eabi/lib/thumb/v7e-m+fp/hard\libc_nano.a(libc_a-nano-svfprintf.o)
                0x0000000008009618                _svfiprintf_r
                0x0000000008009618                _svfprintf_r
 .text.__sflush_r
                0x0000000008009814      0x10c C:/ST/STM32CubeIDE_1.13.1/STM32CubeIDE/plugins/com.st.stm32cube.ide.mcu.externaltools.gnu-tools-for-stm32.11.3.rel1.win32_1.1.0.202305231506/tools/bin/../lib/gcc/arm-none-eabi/11.3.1/../../../../arm-none-eabi/lib/thumb/v7e-m+fp/hard\libc_nano.a(libc_a-fflush.o)
                0x0000000008009814                __sflush_r
 .text._fflush_r
                0x0000000008009920       0x50 C:/ST/STM32CubeIDE_1.13.1/STM32CubeIDE/plugins/com.st.stm32cube.ide.mcu.externaltools.gnu-tools-for-stm32.11.3.rel1.win32_1.1.0.202305231506/tools/bin/../lib/gcc/arm-none-eabi/11.3.1/../../../../arm-none-eabi/lib/thumb/v7e-m+fp/hard\libc_nano.a(libc_a-fflush.o)
                0x0000000008009920                _fflush_r
 .text._sbrk_r  0x0000000008009970       0x20 C:/ST/STM32CubeIDE_1.13.1/STM32CubeIDE/plugins/com.st.stm32cube.ide.mcu.externaltools.gnu-tools-for-stm32.11.3.rel1.win32_1.1.0.202305231506/tools/bin/../lib/gcc/arm-none-eabi/11.3.1/../../../../arm-none-eabi/lib/thumb/v7e-m+fp/hard\libc_nano.a(libc_a-sbrkr.o)
                0x0000000008009970                _sbrk_r
 .text.__assert_func
                0x0000000008009990       0x3c C:/ST/STM32CubeIDE_1.13.1/STM32CubeIDE/plugins/com.st.stm32cube.ide.mcu.externaltools.gnu-tools-for-stm32.11.3.rel1.win32_1.1.0.202305231506/tools/bin/../lib/gcc/arm-none-eabi/11.3.1/../../../../arm-none-eabi/lib/thumb/v7e-m+fp/hard\libc_nano.a(libc_a-assert.o)
                0x0000000008009990                __assert_func
 .text._calloc_r
                0x00000000080099cc       0x2c C:/ST/STM32CubeIDE_1.13.1/STM32CubeIDE/plugins/com.st.stm32cube.ide.mcu.externaltools.gnu-tools-for-stm32.11.3.rel1.win32_1.1.0.202305231506/tools/bin/../lib/gcc/arm-none-eabi/11.3.1/../../../../arm-none-eabi/lib/thumb/v7e-m+fp/hard\libc_nano.a(libc_a-callocr.o)
                0x00000000080099cc                _calloc_r
 .text.__ascii_mbtowc
                0x00000000080099f8       0x24 C:/ST/STM32CubeIDE_1.13.1/STM32CubeIDE/plugins/com.st.stm32cube.ide.mcu.externaltools.gnu-tools-for-stm32.11.3.rel1.win32_1.1.0.202305231506/tools/bin/../lib/gcc/arm-none-eabi/11.3.1/../../../../arm-none-eabi/lib/thumb/v7e-m+fp/hard\libc_nano.a(libc_a-mbtowc_r.o)
                0x00000000080099f8                __ascii_mbtowc
 .text._realloc_r
                0x0000000008009a1c       0x5e C:/ST/STM32CubeIDE_1.13.1/STM32CubeIDE/plugins/com.st.stm32cube.ide.mcu.externaltools.gnu-tools-for-stm32.11.3.rel1.win32_1.1.0.202305231506/tools/bin/../lib/gcc/arm-none-eabi/11.3.1/../../../../arm-none-eabi/lib/thumb/v7e-m+fp/hard\libc_nano.a(libc_a-reallocr.o)
                0x0000000008009a1c                _realloc_r
 .text.__ascii_wctomb
                0x0000000008009a7a       0x1a C:/ST/STM32CubeIDE_1.13.1/STM32CubeIDE/plugins/com.st.stm32cube.ide.mcu.externaltools.gnu-tools-for-stm32.11.3.rel1.win32_1.1.0.202305231506/tools/bin/../lib/gcc/arm-none-eabi/11.3.1/../../../../arm-none-eabi/lib/thumb/v7e-m+fp/hard\libc_nano.a(libc_a-wctomb_r.o)
                0x0000000008009a7a                __ascii_wctomb
 .text.fprintf  0x0000000008009a94       0x24 C:/ST/STM32CubeIDE_1.13.1/STM32CubeIDE/plugins/com.st.stm32cube.ide.mcu.externaltools.gnu-tools-for-stm32.11.3.rel1.win32_1.1.0.202305231506/tools/bin/../lib/gcc/arm-none-eabi/11.3.1/../../../../arm-none-eabi/lib/thumb/v7e-m+fp/hard\libc_nano.a(libc_a-fprintf.o)
                0x0000000008009a94                fiprintf
                0x0000000008009a94                fprintf
 .text.abort    0x0000000008009ab8        0xe C:/ST/STM32CubeIDE_1.13.1/STM32CubeIDE/plugins/com.st.stm32cube.ide.mcu.externaltools.gnu-tools-for-stm32.11.3.rel1.win32_1.1.0.202305231506/tools/bin/../lib/gcc/arm-none-eabi/11.3.1/../../../../arm-none-eabi/lib/thumb/v7e-m+fp/hard\libc_nano.a(libc_a-abort.o)
                0x0000000008009ab8                abort
 .text._malloc_usable_size_r
                0x0000000008009ac6       0x10 C:/ST/STM32CubeIDE_1.13.1/STM32CubeIDE/plugins/com.st.stm32cube.ide.mcu.externaltools.gnu-tools-for-stm32.11.3.rel1.win32_1.1.0.202305231506/tools/bin/../lib/gcc/arm-none-eabi/11.3.1/../../../../arm-none-eabi/lib/thumb/v7e-m+fp/hard\libc_nano.a(libc_a-msizer.o)
                0x0000000008009ac6                _malloc_usable_size_r
 .text.__sfputc_r
                0x0000000008009ad6       0x2e C:/ST/STM32CubeIDE_1.13.1/STM32CubeIDE/plugins/com.st.stm32cube.ide.mcu.externaltools.gnu-tools-for-stm32.11.3.rel1.win32_1.1.0.202305231506/tools/bin/../lib/gcc/arm-none-eabi/11.3.1/../../../../arm-none-eabi/lib/thumb/v7e-m+fp/hard\libc_nano.a(libc_a-nano-vfprintf.o)
 .text.__sfputs_r
                0x0000000008009b04       0x24 C:/ST/STM32CubeIDE_1.13.1/STM32CubeIDE/plugins/com.st.stm32cube.ide.mcu.externaltools.gnu-tools-for-stm32.11.3.rel1.win32_1.1.0.202305231506/tools/bin/../lib/gcc/arm-none-eabi/11.3.1/../../../../arm-none-eabi/lib/thumb/v7e-m+fp/hard\libc_nano.a(libc_a-nano-vfprintf.o)
                0x0000000008009b04                __sfputs_r
 .text._vfprintf_r
                0x0000000008009b28      0x234 C:/ST/STM32CubeIDE_1.13.1/STM32CubeIDE/plugins/com.st.stm32cube.ide.mcu.externaltools.gnu-tools-for-stm32.11.3.rel1.win32_1.1.0.202305231506/tools/bin/../lib/gcc/arm-none-eabi/11.3.1/../../../../arm-none-eabi/lib/thumb/v7e-m+fp/hard\libc_nano.a(libc_a-nano-vfprintf.o)
                0x0000000008009b28                _vfprintf_r
                0x0000000008009b28                _vfiprintf_r
 .text.__swbuf_r
                0x0000000008009d5c       0x7a C:/ST/STM32CubeIDE_1.13.1/STM32CubeIDE/plugins/com.st.stm32cube.ide.mcu.externaltools.gnu-tools-for-stm32.11.3.rel1.win32_1.1.0.202305231506/tools/bin/../lib/gcc/arm-none-eabi/11.3.1/../../../../arm-none-eabi/lib/thumb/v7e-m+fp/hard\libc_nano.a(libc_a-wbuf.o)
                0x0000000008009d5c                __swbuf_r
 *fill*         0x0000000008009dd6        0x2 
 .text.__swsetup_r
                0x0000000008009dd8       0xb0 C:/ST/STM32CubeIDE_1.13.1/STM32CubeIDE/plugins/com.st.stm32cube.ide.mcu.externaltools.gnu-tools-for-stm32.11.3.rel1.win32_1.1.0.202305231506/tools/bin/../lib/gcc/arm-none-eabi/11.3.1/../../../../arm-none-eabi/lib/thumb/v7e-m+fp/hard\libc_nano.a(libc_a-wsetup.o)
                0x0000000008009dd8                __swsetup_r
 .text._raise_r
                0x0000000008009e88       0x50 C:/ST/STM32CubeIDE_1.13.1/STM32CubeIDE/plugins/com.st.stm32cube.ide.mcu.externaltools.gnu-tools-for-stm32.11.3.rel1.win32_1.1.0.202305231506/tools/bin/../lib/gcc/arm-none-eabi/11.3.1/../../../../arm-none-eabi/lib/thumb/v7e-m+fp/hard\libc_nano.a(libc_a-signal.o)
                0x0000000008009e88                _raise_r
 .text.raise    0x0000000008009ed8       0x10 C:/ST/STM32CubeIDE_1.13.1/STM32CubeIDE/plugins/com.st.stm32cube.ide.mcu.externaltools.gnu-tools-for-stm32.11.3.rel1.win32_1.1.0.202305231506/tools/bin/../lib/gcc/arm-none-eabi/11.3.1/../../../../arm-none-eabi/lib/thumb/v7e-m+fp/hard\libc_nano.a(libc_a-signal.o)
                0x0000000008009ed8                raise
 .text._kill_r  0x0000000008009ee8       0x24 C:/ST/STM32CubeIDE_1.13.1/STM32CubeIDE/plugins/com.st.stm32cube.ide.mcu.externaltools.gnu-tools-for-stm32.11.3.rel1.win32_1.1.0.202305231506/tools/bin/../lib/gcc/arm-none-eabi/11.3.1/../../../../arm-none-eabi/lib/thumb/v7e-m+fp/hard\libc_nano.a(libc_a-signalr.o)
                0x0000000008009ee8                _kill_r
 .text._getpid_r
                0x0000000008009f0c        0x4 C:/ST/STM32CubeIDE_1.13.1/STM32CubeIDE/plugins/com.st.stm32cube.ide.mcu.externaltools.gnu-tools-for-stm32.11.3.rel1.win32_1.1.0.202305231506/tools/bin/../lib/gcc/arm-none-eabi/11.3.1/../../../../arm-none-eabi/lib/thumb/v7e-m+fp/hard\libc_nano.a(libc_a-signalr.o)
                0x0000000008009f0c                _getpid_r
 .text.__swhatbuf_r
                0x0000000008009f10       0x4c C:/ST/STM32CubeIDE_1.13.1/STM32CubeIDE/plugins/com.st.stm32cube.ide.mcu.externaltools.gnu-tools-for-stm32.11.3.rel1.win32_1.1.0.202305231506/tools/bin/../lib/gcc/arm-none-eabi/11.3.1/../../../../arm-none-eabi/lib/thumb/v7e-m+fp/hard\libc_nano.a(libc_a-makebuf.o)
                0x0000000008009f10                __swhatbuf_r
 .text.__smakebuf_r
                0x0000000008009f5c       0x78 C:/ST/STM32CubeIDE_1.13.1/STM32CubeIDE/plugins/com.st.stm32cube.ide.mcu.externaltools.gnu-tools-for-stm32.11.3.rel1.win32_1.1.0.202305231506/tools/bin/../lib/gcc/arm-none-eabi/11.3.1/../../../../arm-none-eabi/lib/thumb/v7e-m+fp/hard\libc_nano.a(libc_a-makebuf.o)
                0x0000000008009f5c                __smakebuf_r
 .text._fstat_r
                0x0000000008009fd4       0x24 C:/ST/STM32CubeIDE_1.13.1/STM32CubeIDE/plugins/com.st.stm32cube.ide.mcu.externaltools.gnu-tools-for-stm32.11.3.rel1.win32_1.1.0.202305231506/tools/bin/../lib/gcc/arm-none-eabi/11.3.1/../../../../arm-none-eabi/lib/thumb/v7e-m+fp/hard\libc_nano.a(libc_a-fstatr.o)
                0x0000000008009fd4                _fstat_r
 .text._isatty_r
                0x0000000008009ff8       0x20 C:/ST/STM32CubeIDE_1.13.1/STM32CubeIDE/plugins/com.st.stm32cube.ide.mcu.externaltools.gnu-tools-for-stm32.11.3.rel1.win32_1.1.0.202305231506/tools/bin/../lib/gcc/arm-none-eabi/11.3.1/../../../../arm-none-eabi/lib/thumb/v7e-m+fp/hard\libc_nano.a(libc_a-isattyr.o)
                0x0000000008009ff8                _isatty_r
 *(.glue_7)
 .glue_7        0x000000000800a018        0x0 linker stubs
 *(.glue_7t)
 .glue_7t       0x000000000800a018        0x0 linker stubs
 *(.eh_frame)
 .eh_frame      0x000000000800a018        0x0 C:/ST/STM32CubeIDE_1.13.1/STM32CubeIDE/plugins/com.st.stm32cube.ide.mcu.externaltools.gnu-tools-for-stm32.11.3.rel1.win32_1.1.0.202305231506/tools/bin/../lib/gcc/arm-none-eabi/11.3.1/thumb/v7e-m+fp/hard/crtbegin.o
 *(.init)
 .init          0x000000000800a018        0x4 C:/ST/STM32CubeIDE_1.13.1/STM32CubeIDE/plugins/com.st.stm32cube.ide.mcu.externaltools.gnu-tools-for-stm32.11.3.rel1.win32_1.1.0.202305231506/tools/bin/../lib/gcc/arm-none-eabi/11.3.1/thumb/v7e-m+fp/hard/crti.o
                0x000000000800a018                _init
 .init          0x000000000800a01c        0x8 C:/ST/STM32CubeIDE_1.13.1/STM32CubeIDE/plugins/com.st.stm32cube.ide.mcu.externaltools.gnu-tools-for-stm32.11.3.rel1.win32_1.1.0.202305231506/tools/bin/../lib/gcc/arm-none-eabi/11.3.1/thumb/v7e-m+fp/hard/crtn.o
 *(.fini)
 .fini          0x000000000800a024        0x4 C:/ST/STM32CubeIDE_1.13.1/STM32CubeIDE/plugins/com.st.stm32cube.ide.mcu.externaltools.gnu-tools-for-stm32.11.3.rel1.win32_1.1.0.202305231506/tools/bin/../lib/gcc/arm-none-eabi/11.3.1/thumb/v7e-m+fp/hard/crti.o
                0x000000000800a024                _fini
 .fini          0x000000000800a028        0x8 C:/ST/STM32CubeIDE_1.13.1/STM32CubeIDE/plugins/com.st.stm32cube.ide.mcu.externaltools.gnu-tools-for-stm32.11.3.rel1.win32_1.1.0.202305231506/tools/bin/../lib/gcc/arm-none-eabi/11.3.1/thumb/v7e-m+fp/hard/crtn.o
                0x000000000800a030                . = ALIGN (0x4)
                0x000000000800a030                _etext = .

.vfp11_veneer   0x000000000800a030        0x0
 .vfp11_veneer  0x000000000800a030        0x0 linker stubs

.v4_bx          0x000000000800a030        0x0
 .v4_bx         0x000000000800a030        0x0 linker stubs

.iplt           0x000000000800a030        0x0
 .iplt          0x000000000800a030        0x0 C:/ST/STM32CubeIDE_1.13.1/STM32CubeIDE/plugins/com.st.stm32cube.ide.mcu.externaltools.gnu-tools-for-stm32.11.3.rel1.win32_1.1.0.202305231506/tools/bin/../lib/gcc/arm-none-eabi/11.3.1/thumb/v7e-m+fp/hard/crtbegin.o

.rodata         0x000000000800a030     0x2094
                0x000000000800a030                . = ALIGN (0x4)
 *(.rodata)
 .rodata        0x000000000800a030       0xcb ./Software/App/application.o
 *fill*         0x000000000800a0fb        0x1 
 .rodata        0x000000000800a0fc       0xc6 ./Software/App/hardware_test.o
 *fill*         0x000000000800a1c2        0x2 
 .rodata        0x000000000800a1c4       0xba ./Software/Middleware/display.o
 *(.rodata*)
 *fill*         0x000000000800a27e        0x2 
 .rodata.AHBPrescTable
                0x000000000800a280       0x10 ./Core/Src/system_stm32f4xx.o
                0x000000000800a280                AHBPrescTable
 .rodata.APBPrescTable
                0x000000000800a290        0x8 ./Core/Src/system_stm32f4xx.o
                0x000000000800a290                APBPrescTable
 .rodata.Font7x10
                0x000000000800a298      0x76c ./Software/Peripheral/SSD1306/ssd1306_fonts.o
 .rodata.Font11x18
                0x000000000800aa04      0xd5c ./Software/Peripheral/SSD1306/ssd1306_fonts.o
 .rodata.Font6x8
                0x000000000800b760      0x5f0 ./Software/Peripheral/SSD1306/ssd1306_fonts.o
 .rodata._printf_float.str1.1
                0x000000000800bd50       0x12 C:/ST/STM32CubeIDE_1.13.1/STM32CubeIDE/plugins/com.st.stm32cube.ide.mcu.externaltools.gnu-tools-for-stm32.11.3.rel1.win32_1.1.0.202305231506/tools/bin/../lib/gcc/arm-none-eabi/11.3.1/../../../../arm-none-eabi/lib/thumb/v7e-m+fp/hard\libc_nano.a(libc_a-nano-vfprintf_float.o)
 .rodata._printf_i.str1.1
                0x000000000800bd62       0x22 C:/ST/STM32CubeIDE_1.13.1/STM32CubeIDE/plugins/com.st.stm32cube.ide.mcu.externaltools.gnu-tools-for-stm32.11.3.rel1.win32_1.1.0.202305231506/tools/bin/../lib/gcc/arm-none-eabi/11.3.1/../../../../arm-none-eabi/lib/thumb/v7e-m+fp/hard\libc_nano.a(libc_a-nano-vfprintf_i.o)
 .rodata._dtoa_r.str1.1
                0x000000000800bd84       0x8d C:/ST/STM32CubeIDE_1.13.1/STM32CubeIDE/plugins/com.st.stm32cube.ide.mcu.externaltools.gnu-tools-for-stm32.11.3.rel1.win32_1.1.0.202305231506/tools/bin/../lib/gcc/arm-none-eabi/11.3.1/../../../../arm-none-eabi/lib/thumb/v7e-m+fp/hard\libc_nano.a(libc_a-dtoa.o)
                                         0x8f (size before relaxing)
 .rodata._Balloc.str1.1
                0x000000000800be11       0x59 C:/ST/STM32CubeIDE_1.13.1/STM32CubeIDE/plugins/com.st.stm32cube.ide.mcu.externaltools.gnu-tools-for-stm32.11.3.rel1.win32_1.1.0.202305231506/tools/bin/../lib/gcc/arm-none-eabi/11.3.1/../../../../arm-none-eabi/lib/thumb/v7e-m+fp/hard\libc_nano.a(libc_a-mprec.o)
                                         0x70 (size before relaxing)
 .rodata.__multadd.str1.1
                0x000000000800be6a       0x11 C:/ST/STM32CubeIDE_1.13.1/STM32CubeIDE/plugins/com.st.stm32cube.ide.mcu.externaltools.gnu-tools-for-stm32.11.3.rel1.win32_1.1.0.202305231506/tools/bin/../lib/gcc/arm-none-eabi/11.3.1/../../../../arm-none-eabi/lib/thumb/v7e-m+fp/hard\libc_nano.a(libc_a-mprec.o)
 *fill*         0x000000000800be6a        0x6 
 .rodata.__mprec_bigtens
                0x000000000800be70       0x28 C:/ST/STM32CubeIDE_1.13.1/STM32CubeIDE/plugins/com.st.stm32cube.ide.mcu.externaltools.gnu-tools-for-stm32.11.3.rel1.win32_1.1.0.202305231506/tools/bin/../lib/gcc/arm-none-eabi/11.3.1/../../../../arm-none-eabi/lib/thumb/v7e-m+fp/hard\libc_nano.a(libc_a-mprec.o)
                0x000000000800be70                __mprec_bigtens
 .rodata.__mprec_tens
                0x000000000800be98       0xc8 C:/ST/STM32CubeIDE_1.13.1/STM32CubeIDE/plugins/com.st.stm32cube.ide.mcu.externaltools.gnu-tools-for-stm32.11.3.rel1.win32_1.1.0.202305231506/tools/bin/../lib/gcc/arm-none-eabi/11.3.1/../../../../arm-none-eabi/lib/thumb/v7e-m+fp/hard\libc_nano.a(libc_a-mprec.o)
                0x000000000800be98                __mprec_tens
 .rodata.p05.0  0x000000000800bf60        0xc C:/ST/STM32CubeIDE_1.13.1/STM32CubeIDE/plugins/com.st.stm32cube.ide.mcu.externaltools.gnu-tools-for-stm32.11.3.rel1.win32_1.1.0.202305231506/tools/bin/../lib/gcc/arm-none-eabi/11.3.1/../../../../arm-none-eabi/lib/thumb/v7e-m+fp/hard\libc_nano.a(libc_a-mprec.o)
 .rodata._svfprintf_r.str1.1
                0x000000000800bf6c       0x11 C:/ST/STM32CubeIDE_1.13.1/STM32CubeIDE/plugins/com.st.stm32cube.ide.mcu.externaltools.gnu-tools-for-stm32.11.3.rel1.win32_1.1.0.202305231506/tools/bin/../lib/gcc/arm-none-eabi/11.3.1/../../../../arm-none-eabi/lib/thumb/v7e-m+fp/hard\libc_nano.a(libc_a-nano-svfprintf.o)
 .rodata._setlocale_r.str1.1
                0x000000000800bf7d        0x8 C:/ST/STM32CubeIDE_1.13.1/STM32CubeIDE/plugins/com.st.stm32cube.ide.mcu.externaltools.gnu-tools-for-stm32.11.3.rel1.win32_1.1.0.202305231506/tools/bin/../lib/gcc/arm-none-eabi/11.3.1/../../../../arm-none-eabi/lib/thumb/v7e-m+fp/hard\libc_nano.a(libc_a-locale.o)
                                          0x9 (size before relaxing)
 .rodata.str1.1
                0x000000000800bf85        0x2 C:/ST/STM32CubeIDE_1.13.1/STM32CubeIDE/plugins/com.st.stm32cube.ide.mcu.externaltools.gnu-tools-for-stm32.11.3.rel1.win32_1.1.0.202305231506/tools/bin/../lib/gcc/arm-none-eabi/11.3.1/../../../../arm-none-eabi/lib/thumb/v7e-m+fp/hard\libc_nano.a(libc_a-locale.o)
 .rodata.__assert_func.str1.1
                0x000000000800bf87       0x3c C:/ST/STM32CubeIDE_1.13.1/STM32CubeIDE/plugins/com.st.stm32cube.ide.mcu.externaltools.gnu-tools-for-stm32.11.3.rel1.win32_1.1.0.202305231506/tools/bin/../lib/gcc/arm-none-eabi/11.3.1/../../../../arm-none-eabi/lib/thumb/v7e-m+fp/hard\libc_nano.a(libc_a-assert.o)
                                         0x3d (size before relaxing)
 .rodata._ctype_
                0x000000000800bfc3      0x101 C:/ST/STM32CubeIDE_1.13.1/STM32CubeIDE/plugins/com.st.stm32cube.ide.mcu.externaltools.gnu-tools-for-stm32.11.3.rel1.win32_1.1.0.202305231506/tools/bin/../lib/gcc/arm-none-eabi/11.3.1/../../../../arm-none-eabi/lib/thumb/v7e-m+fp/hard\libc_nano.a(libc_a-ctype_.o)
                0x000000000800bfc3                _ctype_
 .rodata._vfprintf_r.str1.1
                0x000000000800c0c4       0x11 C:/ST/STM32CubeIDE_1.13.1/STM32CubeIDE/plugins/com.st.stm32cube.ide.mcu.externaltools.gnu-tools-for-stm32.11.3.rel1.win32_1.1.0.202305231506/tools/bin/../lib/gcc/arm-none-eabi/11.3.1/../../../../arm-none-eabi/lib/thumb/v7e-m+fp/hard\libc_nano.a(libc_a-nano-vfprintf.o)
                0x000000000800c0d8                . = ALIGN (0x4)

.ARM.extab      0x000000000800c0c4        0x0
                0x000000000800c0c4                . = ALIGN (0x4)
 *(.ARM.extab* .gnu.linkonce.armextab.*)
                0x000000000800c0c4                . = ALIGN (0x4)

.ARM            0x000000000800c0c4        0x8
                0x000000000800c0c4                . = ALIGN (0x4)
                0x000000000800c0c4                __exidx_start = .
 *(.ARM.exidx*)
 .ARM.exidx     0x000000000800c0c4        0x8 C:/ST/STM32CubeIDE_1.13.1/STM32CubeIDE/plugins/com.st.stm32cube.ide.mcu.externaltools.gnu-tools-for-stm32.11.3.rel1.win32_1.1.0.202305231506/tools/bin/../lib/gcc/arm-none-eabi/11.3.1/thumb/v7e-m+fp/hard\libgcc.a(_udivmoddi4.o)
                0x000000000800c0cc                __exidx_end = .
                0x000000000800c0cc                . = ALIGN (0x4)

.rel.dyn        0x000000000800c0cc        0x0
 .rel.iplt      0x000000000800c0cc        0x0 C:/ST/STM32CubeIDE_1.13.1/STM32CubeIDE/plugins/com.st.stm32cube.ide.mcu.externaltools.gnu-tools-for-stm32.11.3.rel1.win32_1.1.0.202305231506/tools/bin/../lib/gcc/arm-none-eabi/11.3.1/thumb/v7e-m+fp/hard/crtbegin.o

.preinit_array  0x000000000800c0cc        0x0
                0x000000000800c0cc                . = ALIGN (0x4)