../Software/App/hardware_test.h:57:2:HardwareTestApp::HardwareTestApp(UserInputs&, StateControl&, Motor&, Communication_Driver&)	24	static
../Software/App/initialize_parameters.h:51:2:InitializeParameters::InitializeParameters(UserInputs&, StateControl&, Motor&, Communication_Driver&)	24	static
../Software/App/application.cpp:17:1:Application::Application()	192	static
../Software/App/application.cpp:64:6:void Application::run()	280	static
../Software/App/application.cpp:124:27:Application_Screen operator++(Application_Screen&, int)	24	static
../Software/App/application.cpp:136:27:Application_Screen operator--(Application_Screen&, int)	24	static
../Software/App/application.cpp:144:1:void __static_initialization_and_destruction_0(int, int)	16	static
../Software/App/application.cpp:144:1:cpp)	8	static
