D:/Proiecte/stm/Kazan/Software/Peripheral/timer.h:21:14:Clock Timer_Get_Now_Clock()	8	static
D:/Proiecte/stm/Kazan/Software/Peripheral/timer.h:25:14:Clock Timer_Set_Clock(uint32_t)	16	static
D:/Proiecte/stm/Kazan/Software/Peripheral/timer.h:29:13:Time Timer_Get_Remain_Time(Clock)	40	static
../Software/App/hardware_test.cpp:16:6:void HardwareTestApp::run()	24	static
../Software/App/hardware_test.cpp:69:6:void HardwareTestApp::runEnemySensorsTest()	128	static
../Software/App/hardware_test.cpp:122:6:void HardwareTestApp::runLineDetectionTest()	48	static
../Software/App/hardware_test.cpp:200:6:void HardwareTestApp::runMotorTest()	88	static
../Software/App/hardware_test.cpp:265:27:Hardware_Test_Screen_Type operator++(Hardware_Test_Screen_Type&, int)	24	static
../Software/App/hardware_test.cpp:278:27:Hardware_Test_Screen_Type operator--(Hardware_Test_Screen_Type&, int)	24	static
../Software/App/hardware_test.cpp:291:28:Line_Detection_Screen_Type operator++(Line_Detection_Screen_Type&, int)	24	static
../Software/App/hardware_test.cpp:304:28:Line_Detection_Screen_Type operator--(Line_Detection_Screen_Type&, int)	24	static
../Software/App/hardware_test.cpp:316:29:Enemy_Detection_Screen_Type operator++(Enemy_Detection_Screen_Type&, int)	24	static
../Software/App/hardware_test.cpp:328:29:Enemy_Detection_Screen_Type operator--(Enemy_Detection_Screen_Type&, int)	24	static
../Software/App/hardware_test.cpp:341:24:Motor_Test_Screen_Type operator++(Motor_Test_Screen_Type&, int)	24	static
../Software/App/hardware_test.cpp:358:24:Motor_Test_Screen_Type operator--(Motor_Test_Screen_Type&, int)	24	static
../Software/App/hardware_test.cpp:372:1:void __static_initialization_and_destruction_0(int, int)	16	static
../Software/App/hardware_test.cpp:372:1:cpp)	8	static
