../Software/App/initialize_parameters.cpp:12:6:void InitializeParameters::run()	16	static
../Software/App/initialize_parameters.cpp:51:6:void InitializeParameters::runPowerSetApplication()	80	static
../Software/App/initialize_parameters.cpp:290:6:void InitializeParameters::runTimeSetApplication()	16	static
../Software/App/initialize_parameters.cpp:295:35:Initialize_Parameters_Screen_Type operator++(Initialize_Parameters_Screen_Type&, int)	24	static
../Software/App/initialize_parameters.cpp:307:35:Initialize_Parameters_Screen_Type operator--(Initialize_Parameters_Screen_Type&, int)	24	static
../Software/App/initialize_parameters.cpp:318:23:Power_Set_Screen_Type operator++(Power_Set_Screen_Type&, int)	24	static
../Software/App/initialize_parameters.cpp:380:23:Power_Set_Screen_Type operator--(Power_Set_Screen_Type&, int)	24	static
../Software/App/initialize_parameters.cpp:440:1:void __static_initialization_and_destruction_0(int, int)	16	static
../Software/App/initialize_parameters.cpp:440:1:cpp)	8	static
