../Software/App/initialize_parameters.cpp:13:6:void InitializeParameters::run()	16	static
../Software/App/initialize_parameters.cpp:52:6:void InitializeParameters::runPowerSetApplication()	80	static
../Software/App/initialize_parameters.cpp:291:6:void InitializeParameters::runTimeSetApplication()	16	static
../Software/App/initialize_parameters.cpp:296:35:Initialize_Parameters_Screen_Type operator++(Initialize_Parameters_Screen_Type&, int)	24	static
../Software/App/initialize_parameters.cpp:308:35:Initialize_Parameters_Screen_Type operator--(Initialize_Parameters_Screen_Type&, int)	24	static
../Software/App/initialize_parameters.cpp:319:23:Power_Set_Screen_Type operator++(Power_Set_Screen_Type&, int)	24	static
../Software/App/initialize_parameters.cpp:381:23:Power_Set_Screen_Type operator--(Power_Set_Screen_Type&, int)	24	static
../Software/App/initialize_parameters.cpp:441:1:void __static_initialization_and_destruction_0(int, int)	16	static
../Software/App/initialize_parameters.cpp:441:1:cpp)	8	static
