../Core/Src/ssd1306.c:236:6:SSD1306_ToggleInvert	0	static
../Core/Src/ssd1306.c:248:6:SSD1306_Fill	0	static
../Core/Src/ssd1306.c:253:6:SSD1306_DrawPixel	12	static
../Core/Src/ssd1306.c:129:6:SSD1306_DrawBitmap	64	static
../Core/Src/ssd1306.c:275:6:SSD1306_GotoXY	0	static
../Core/Src/ssd1306.c:281:6:SSD1306_Putc	40	static
../Core/Src/ssd1306.c:311:6:SSD1306_Puts	16	static
../Core/Src/ssd1306.c:329:6:SSD1306_DrawLine	56	static
../Core/Src/ssd1306.c:413:6:SSD1306_DrawRectangle	40	static
../Core/Src/ssd1306.c:438:6:SSD1306_DrawFilledRectangle	40	static
../Core/Src/ssd1306.c:465:6:SSD1306_DrawTriangle	40	static
../Core/Src/ssd1306.c:473:6:SSD1306_DrawFilledTriangle	80	static
../Core/Src/ssd1306.c:529:6:SSD1306_DrawCircle	56	static
../Core/Src/ssd1306.c:563:6:SSD1306_DrawFilledCircle	64	static
../Core/Src/ssd1306.c:596:6:SSD1306_Clear	0	static
../Core/Src/ssd1306.c:621:6:ssd1306_I2C_Init	0	static
../Core/Src/ssd1306.c:633:6:ssd1306_I2C_WriteMulti	280	static
../Core/Src/ssd1306.c:643:6:ssd1306_I2C_Write	24	static
../Core/Src/ssd1306.c:55:6:SSD1306_ScrollRight	16	static
../Core/Src/ssd1306.c:68:6:SSD1306_ScrollLeft	16	static
../Core/Src/ssd1306.c:81:6:SSD1306_Scrolldiagright	16	static
../Core/Src/ssd1306.c:97:6:SSD1306_Scrolldiagleft	16	static
../Core/Src/ssd1306.c:113:6:SSD1306_Stopscroll	0	static
../Core/Src/ssd1306.c:120:6:SSD1306_InvertDisplay	0	static
../Core/Src/ssd1306.c:223:6:SSD1306_UpdateScreen	16	static
../Core/Src/ssd1306.c:159:9:SSD1306_Init	16	static
../Core/Src/ssd1306.c:600:6:SSD1306_ON	8	static
../Core/Src/ssd1306.c:605:6:SSD1306_OFF	8	static
