../Core/Src/stm32f4xx_hal_msp.c:64:6:HAL_MspInit	8	static
../Core/Src/stm32f4xx_hal_msp.c:86:6:HAL_ADC_MspInit	64	static
../Core/Src/stm32f4xx_hal_msp.c:161:6:HAL_ADC_MspDeInit	8	static
../Core/Src/stm32f4xx_hal_msp.c:219:6:HAL_I2C_MspInit	56	static
../Core/Src/stm32f4xx_hal_msp.c:263:6:HAL_I2C_MspDeInit	8	static
../Core/Src/stm32f4xx_hal_msp.c:294:6:HAL_SPI_MspInit	40	static
../Core/Src/stm32f4xx_hal_msp.c:331:6:HAL_SPI_MspDeInit	0	static
../Core/Src/stm32f4xx_hal_msp.c:361:6:HAL_UART_MspInit	48	static
../Core/Src/stm32f4xx_hal_msp.c:419:6:HAL_UART_MspDeInit	0	static
