../Core/Src/main.cpp:76:10:uint32_t readADC1(uint32_t)	40	static
../Core/Src/main.cpp:94:10:uint32_t readADC2(uint32_t)	40	static
../Core/Src/main.cpp:117:5:int main()	1368	static
../Core/Src/main.cpp:199:6:void SystemClock_Config()	88	static
../Core/Src/main.cpp:254:13:void MX_ADC1_Init()	24	static
../Core/Src/main.cpp:292:13:void MX_ADC2_Init()	24	static
../Core/Src/main.cpp:331:13:void MX_I2C2_Init()	8	static
../Core/Src/main.cpp:365:13:void MX_SPI1_Init()	8	static
../Core/Src/main.cpp:403:13:void MX_UART4_Init()	8	static
../Core/Src/main.cpp:436:13:void MX_USART1_UART_Init()	8	static
../Core/Src/main.cpp:469:13:void MX_GPIO_Init()	48	static
../Core/Src/main.cpp:529:6:void Error_Handler()	4	static,ignoring_inline_asm
