../Software/Middleware/display.cpp:16:6:void Display_Clear()	8	static
../Software/Middleware/display.cpp:20:6:void Display_Init()	8	static
../Software/Middleware/display.cpp:24:6:void Draw_Center_Text(char*, FontDef*, uint16_t)	88	static
../Software/Middleware/display.cpp:51:6:void Draw_Left_Text(char*, FontDef*, uint16_t)	24	static
../Software/Middleware/display.cpp:57:6:void Draw_Right_Text(char*, FontDef*, uint16_t)	32	static
../Software/Middleware/display.cpp:71:6:void Display_Title_Screen(char*)	24	static
../Software/Middleware/display.cpp:87:6:void Display_Small_Title_Screen(char*)	24	static
../Software/Middleware/display.cpp:103:6:void Display_2_Numbers(char*, double, double)	72	static
../Software/Middleware/display.cpp:121:6:void Draw_3_Points_Line(bool*, char*, char*, uint16_t)	24	static
../Software/Middleware/display.cpp:140:6:void Display_Enemy_Sensors_Output(uint32_t)	136	static
../Software/Middleware/display.cpp:159:6:void Display_Line_Sensors_Output(uint8_t*, uint8_t)	120	static
../Software/Middleware/display.cpp:172:6:void Display_Line_Position_Screen(LinePosition, uint8_t, uint8_t, char*)	88	static
../Software/Middleware/display.cpp:205:6:void Display_Error()	8	static
../Software/Middleware/display.cpp:210:10:uint16_t Display_Get_Bottom_YPosition(FontDef*)	16	static
