D:/Proiecte/stm/Kazan/Software/Peripheral/timer.h:21:14:Clock Timer_Get_Now_Clock()	8	static
D:/Proiecte/stm/Kazan/Software/Peripheral/timer.h:34:13:Time Timer_Get_Time_Passed_From(Clock)	40	static
../Software/Middleware/state_control.cpp:12:1:StateControl::StateControl(const SensorsHubConfig&)	16	static
../Software/Middleware/state_control.cpp:18:6:void StateControl::configAll()	24	static
../Software/Middleware/state_control.cpp:26:7:State StateControl::recalculateStates()	40	static
../Software/Middleware/state_control.cpp:48:15:EnemyPosition StateControl::readAndGetMostVotedEnemyPosition()	64	static
../Software/Middleware/state_control.cpp:71:6:void StateControl::setEnemyPosition(EnemyPosition)	16	static
../Software/Middleware/state_control.cpp:78:6:void StateControl::setLinePosition(LinePosition)	16	static
../Software/Middleware/state_control.cpp:85:7:State StateControl::getState() const	16	static
../Software/Middleware/state_control.cpp:87:1:void __static_initialization_and_destruction_0(int, int)	16	static
../Software/Middleware/state_control.cpp:87:1:cpp)	8	static
