../Software/Middleware/user_inputs.cpp:13:1:UserInputs::UserInputs(const UserInputsConfig&)	16	static
../Software/Middleware/user_inputs.cpp:23:6:void UserInputs::configAll()	16	static
../Software/Middleware/user_inputs.cpp:30:6:void UserInputs::readAll()	16	static
../Software/Middleware/user_inputs.cpp:34:6:void UserInputs::readButtons()	16	static
../Software/Middleware/user_inputs.cpp:39:6:void UserInputs::readTrimpots()	16	static
../Software/Middleware/user_inputs.cpp:44:6:bool UserInputs::isAnyKey()	16	static
../Software/Middleware/user_inputs.cpp:49:6:bool UserInputs::isReturnBackRequest()	24	static
../Software/Middleware/user_inputs.cpp:53:6:bool UserInputs::isBackRequest()	24	static
../Software/Middleware/user_inputs.cpp:58:6:bool UserInputs::isNextRequest()	24	static
../Software/Middleware/user_inputs.cpp:63:6:bool UserInputs::isSelectRequest()	24	static
../Software/Middleware/user_inputs.cpp:68:6:bool UserInputs::isSetValueRequest()	24	static
../Software/Middleware/user_inputs.cpp:75:7:float UserInputs::getData0() const	16	static
../Software/Middleware/user_inputs.cpp:79:7:float UserInputs::getData1() const	16	static
../Software/Middleware/user_inputs.cpp:83:7:float UserInputs::getData0(float, float) const	24	static
../Software/Middleware/user_inputs.cpp:87:7:float UserInputs::getData1(float, float) const	24	static
