../Software/Model/line_position.cpp:11:1:LinePosition::LinePosition()	16	static
../Software/Model/line_position.cpp:13:6:void LinePosition::setLinePosition(LinePositionType)	16	static
../Software/Model/line_position.cpp:17:18:LinePositionType LinePosition::getLinePosition() const	16	static
../Software/Model/line_position.cpp:21:6:bool LinePosition::operator==(const LinePosition&) const	16	static
../Software/Model/line_position.cpp:25:6:bool LinePosition::operator!=(const LinePosition&) const	16	static
../Software/Model/line_position.cpp:29:6:bool LinePosition::isFrontLeft() const	16	static
../Software/Model/line_position.cpp:33:6:bool LinePosition::isFront() const	16	static
../Software/Model/line_position.cpp:37:6:bool LinePosition::isFrontRight() const	16	static
../Software/Model/line_position.cpp:41:6:bool LinePosition::isBackLeft() const	16	static
../Software/Model/line_position.cpp:45:6:bool LinePosition::isBack() const	16	static
../Software/Model/line_position.cpp:49:6:bool LinePosition::isBackRight() const	16	static
../Software/Model/line_position.cpp:53:6:bool LinePosition::isLeft() const	16	static
../Software/Model/line_position.cpp:57:6:bool LinePosition::isRight() const	16	static
../Software/Model/line_position.cpp:61:6:bool LinePosition::isNone() const	16	static
../Software/Model/line_position.cpp:65:6:bool LinePosition::isDetected() const	16	static
../Software/Model/line_position.cpp:69:6:void LinePosition::toString(char*) const	16	static
